Component: Arm Compiler for Embedded 6.19 Tool: armlink [5e73cb00]

==============================================================================

Section Cross References

    main.o(.text.main) refers to systick.o(.text.SysTick_Init) for SysTick_Init
    main.o(.text.main) refers to lpit.o(.text.LPIT_Init_Interrupt) for LPIT_Init_Interrupt
    main.o(.text.main) refers to configgpio.o(.text.setClearBit) for setClearBit
    main.o(.text.main) refers to lpit.o(.text.LPIT_Init) for LPIT_Init
    main.o(.text.main) refers to configgpio.o(.text.Gpio_Init) for Gpio_Init
    main.o(.text.main) refers to adc.o(.text.ADC_Init) for ADC_Init
    main.o(.text.main) refers to configgpio.o(.text.Gpio_SetMux) for Gpio_SetMux
    main.o(.text.main) refers to configgpio.o(.text.Gpio_SetMode) for Gpio_SetMode
    main.o(.text.main) refers to spi_max7219.o(.text.LPSPI_Init) for LPSPI_Init
    main.o(.text.main) refers to spi_max7219.o(.text.MAX7219_Init) for MAX7219_Init
    main.o(.text.main) refers to uart1.o(.text.LPUART1_init) for LPUART1_init
    main.o(.text.main) refers to uart1.o(.text.UART1_EnableInterrupts) for UART1_EnableInterrupts
    main.o(.text.main) refers to main.o(.rodata.str1.1) for .L.str
    main.o(.text.main) refers to uart1.o(.text.LPUART1_transmit_string) for LPUART1_transmit_string
    main.o(.text.main) refers to mock_project.o(.text.dateTime) for dateTime
    main.o(.text.main) refers to mock_project.o(.text.CheckRxBuffer) for CheckRxBuffer
    main.o(.text.main) refers to mock_project.o(.bss.g_Mode) for g_Mode
    main.o(.text.main) refers to mock_project.o(.data.g_Hour) for g_Hour
    main.o(.text.main) refers to mock_project.o(.data.g_Minute) for g_Minute
    main.o(.text.main) refers to mock_project.o(.data.g_Second) for g_Second
    main.o(.text.main) refers to spi_max7219.o(.text.MAX7219_Display_Time) for MAX7219_Display_Time
    main.o(.text.main) refers to mock_project.o(.data.g_Day) for g_Day
    main.o(.text.main) refers to mock_project.o(.data.g_Mouth) for g_Mouth
    main.o(.text.main) refers to mock_project.o(.data.g_Year) for g_Year
    main.o(.text.main) refers to spi_max7219.o(.text.MAX7219_Display_Date) for MAX7219_Display_Date
    main.o(.text.main) refers to spi_max7219.o(.text.MAX7219_Display_Temperature) for MAX7219_Display_Temperature
    main.o(.text.main) refers to mock_project.o(.bss.g_EnaDisplay7Seg) for g_EnaDisplay7Seg
    main.o(.text.main) refers to spi_max7219.o(.text.SPI_SendData) for SPI_SendData
    main.o(.text.main) refers to adc.o(.text.Convert_ADC_Channel) for Convert_ADC_Channel
    main.o(.text.main) refers to adc.o(.text.Read_ADC_Result) for Read_ADC_Result
    main.o(.text.main) refers to dflt_clz.o(x$fpl$dfltu) for __aeabi_ui2d
    main.o(.text.main) refers to ddiv.o(x$fpl$ddiv) for __aeabi_ddiv
    main.o(.text.main) refers to daddsub_clz.o(x$fpl$dadd) for __aeabi_dadd
    main.o(.text.main) refers to dfixu.o(x$fpl$dfixu) for __aeabi_d2uiz
    main.o(.ARM.exidx.text.main) refers to main.o(.text.main) for [Anonymous Symbol]
    configgpio.o(.ARM.exidx.text.setClearBit) refers to configgpio.o(.text.setClearBit) for [Anonymous Symbol]
    configgpio.o(.ARM.exidx.text.setClearBits) refers to configgpio.o(.text.setClearBits) for [Anonymous Symbol]
    configgpio.o(.text.Gpio_Init) refers to configgpio.o(.rodata.PCC_PORT) for PCC_PORT
    configgpio.o(.text.Gpio_Init) refers to configgpio.o(.text.setClearBit) for setClearBit
    configgpio.o(.ARM.exidx.text.Gpio_Init) refers to configgpio.o(.text.Gpio_Init) for [Anonymous Symbol]
    configgpio.o(.text.Gpio_SetMux) refers to configgpio.o(.rodata.PORT_BASE) for PORT_BASE
    configgpio.o(.text.Gpio_SetMux) refers to configgpio.o(.rodata.PORT_PCR) for PORT_PCR
    configgpio.o(.text.Gpio_SetMux) refers to configgpio.o(.text.setClearBits) for setClearBits
    configgpio.o(.ARM.exidx.text.Gpio_SetMux) refers to configgpio.o(.text.Gpio_SetMux) for [Anonymous Symbol]
    configgpio.o(.text.Gpio_SetMode) refers to configgpio.o(.rodata.PORT_BASE) for PORT_BASE
    configgpio.o(.text.Gpio_SetMode) refers to configgpio.o(.rodata.PORT_PCR) for PORT_PCR
    configgpio.o(.text.Gpio_SetMode) refers to configgpio.o(.text.setClearBits) for setClearBits
    configgpio.o(.text.Gpio_SetMode) refers to configgpio.o(.rodata.GPIO_BASE) for GPIO_BASE
    configgpio.o(.text.Gpio_SetMode) refers to configgpio.o(.text.setClearBit) for setClearBit
    configgpio.o(.ARM.exidx.text.Gpio_SetMode) refers to configgpio.o(.text.Gpio_SetMode) for [Anonymous Symbol]
    configgpio.o(.text.Gpio_WriteChannel) refers to configgpio.o(.rodata.GPIO_BASE) for GPIO_BASE
    configgpio.o(.text.Gpio_WriteChannel) refers to configgpio.o(.text.setClearBit) for setClearBit
    configgpio.o(.ARM.exidx.text.Gpio_WriteChannel) refers to configgpio.o(.text.Gpio_WriteChannel) for [Anonymous Symbol]
    configgpio.o(.text.Gpio_ToggleChannel) refers to configgpio.o(.rodata.GPIO_BASE) for GPIO_BASE
[...]
    __rtentry4.o(.ARM.exidx) refers to __rtentry4.o(.ARM.Collect$$rtentry$$00000004) for .ARM.Collect$$rtentry$$00000004
    __rtentry7.o(.ARM.Collect$$rtentry$$00000007) refers to __rtentry7.o(.ARM.Collect$$rtentry$$00002718) for __lit__00000000
    __rtentry7.o(__vectab_stack_and_reset_2_area) refers to __main.o(!!!main) for __main
    __rtentry7.o(.ARM.exidx) refers to __rtentry7.o(.ARM.Collect$$rtentry$$00000007) for .ARM.Collect$$rtentry$$00000007
    __rtentry7.o(.ARM.exidx) refers to __rtentry7.o(.ARM.Collect$$rtentry$$00002718) for .ARM.Collect$$rtentry$$00002718
    sys_stackheap_outer.o(.text) refers to libspace.o(.text) for __user_perproc_libspace
    sys_stackheap_outer.o(.text) refers to sys_stackheap.o(.text) for __user_initial_stackheap
    exit.o(.text) refers to rtexit.o(.ARM.Collect$$rtexit$$00000000) for __rt_exit
    libinit.o(.ARM.Collect$$libinit$$00000000) refers (Special) to libinit2.o(.ARM.Collect$$libinit$$00000030) for __rt_lib_init_alloca_1
    libinit.o(.ARM.Collect$$libinit$$00000000) refers (Special) to libinit2.o(.ARM.Collect$$libinit$$0000002E) for __rt_lib_init_argv_1
    libinit.o(.ARM.Collect$$libinit$$00000000) refers (Special) to libinit2.o(.ARM.Collect$$libinit$$0000001D) for __rt_lib_init_atexit_1
    libinit.o(.ARM.Collect$$libinit$$00000000) refers (Special) to libinit2.o(.ARM.Collect$$libinit$$00000023) for __rt_lib_init_clock_1
    libinit.o(.ARM.Collect$$libinit$$00000000) refers (Special) to libinit2.o(.ARM.Collect$$libinit$$00000034) for __rt_lib_init_cpp_1
    libinit.o(.ARM.Collect$$libinit$$00000000) refers (Special) to libinit2.o(.ARM.Collect$$libinit$$00000032) for __rt_lib_init_exceptions_1
    libinit.o(.ARM.Collect$$libinit$$00000000) refers (Special) to libinit2.o(.ARM.Collect$$libinit$$00000001) for __rt_lib_init_fp_1
    libinit.o(.ARM.Collect$$libinit$$00000000) refers (Special) to libinit2.o(.ARM.Collect$$libinit$$00000021) for __rt_lib_init_fp_trap_1
    libinit.o(.ARM.Collect$$libinit$$00000000) refers (Special) to libinit2.o(.ARM.Collect$$libinit$$00000025) for __rt_lib_init_getenv_1
    libinit.o(.ARM.Collect$$libinit$$00000000) refers (Special) to libinit2.o(.ARM.Collect$$libinit$$0000000C) for __rt_lib_init_heap_1
    libinit.o(.ARM.Collect$$libinit$$00000000) refers (Special) to libinit2.o(.ARM.Collect$$libinit$$00000013) for __rt_lib_init_lc_collate_1
    libinit.o(.ARM.Collect$$libinit$$00000000) refers (Special) to libinit2.o(.ARM.Collect$$libinit$$00000015) for __rt_lib_init_lc_ctype_1
    libinit.o(.ARM.Collect$$libinit$$00000000) refers (Special) to libinit2.o(.ARM.Collect$$libinit$$00000017) for __rt_lib_init_lc_monetary_1
    libinit.o(.ARM.Collect$$libinit$$00000000) refers (Special) to libinit2.o(.ARM.Collect$$libinit$$00000019) for __rt_lib_init_lc_numeric_1
    libinit.o(.ARM.Collect$$libinit$$00000000) refers (Special) to libinit2.o(.ARM.Collect$$libinit$$0000001B) for __rt_lib_init_lc_time_1
    libinit.o(.ARM.Collect$$libinit$$00000000) refers (Special) to libinit2.o(.ARM.Collect$$libinit$$00000006) for __rt_lib_init_preinit_1
    libinit.o(.ARM.Collect$$libinit$$00000000) refers (Special) to libinit2.o(.ARM.Collect$$libinit$$00000010) for __rt_lib_init_rand_1
    libinit.o(.ARM.Collect$$libinit$$00000000) refers (Special) to libinit2.o(.ARM.Collect$$libinit$$00000004) for __rt_lib_init_relocate_pie_1
    libinit.o(.ARM.Collect$$libinit$$00000000) refers (Special) to libinit2.o(.ARM.Collect$$libinit$$00000035) for __rt_lib_init_return
    libinit.o(.ARM.Collect$$libinit$$00000000) refers (Special) to libinit2.o(.ARM.Collect$$libinit$$0000001F) for __rt_lib_init_signal_1
    libinit.o(.ARM.Collect$$libinit$$00000000) refers (Special) to libinit2.o(.ARM.Collect$$libinit$$00000027) for __rt_lib_init_stdio_1
    libinit.o(.ARM.Collect$$libinit$$00000000) refers (Special) to libinit2.o(.ARM.Collect$$libinit$$0000000E) for __rt_lib_init_user_alloc_1
    libspace.o(.text) refers to libspace.o(.bss) for __libspace_start
    sys_stackheap.o(.text) refers (Special) to indicate_semi.o(.text) for __semihosting_library_function
    sys_stackheap.o(.text) refers to use_no_semi.o(.text) for __I$use$semihosting
    sys_stackheap_hlt.o(.text) refers (Special) to indicate_semi.o(.text) for __semihosting_library_function
    sys_stackheap_hlt.o(.text) refers to use_no_semi.o(.text) for __I$use$semihosting
    rtexit.o(.ARM.Collect$$rtexit$$00000000) refers (Special) to rtexit2.o(.ARM.Collect$$rtexit$$00000004) for __rt_exit_exit
    rtexit.o(.ARM.Collect$$rtexit$$00000000) refers (Special) to rtexit2.o(.ARM.Collect$$rtexit$$00000003) for __rt_exit_ls
    rtexit.o(.ARM.Collect$$rtexit$$00000000) refers (Special) to rtexit2.o(.ARM.Collect$$rtexit$$00000002) for __rt_exit_prels_1
    rtexit.o(.ARM.exidx) refers (Special) to rtexit2.o(.ARM.Collect$$rtexit$$00000004) for __rt_exit_exit
    rtexit.o(.ARM.exidx) refers (Special) to rtexit2.o(.ARM.Collect$$rtexit$$00000003) for __rt_exit_ls
    rtexit.o(.ARM.exidx) refers (Special) to rtexit2.o(.ARM.Collect$$rtexit$$00000002) for __rt_exit_prels_1
    rtexit.o(.ARM.exidx) refers to rtexit.o(.ARM.Collect$$rtexit$$00000000) for .ARM.Collect$$rtexit$$00000000
    libinit2.o(.ARM.Collect$$libinit$$00000001) refers to fpinit.o(x$fpl$fpinit) for _fp_init
    libinit2.o(.ARM.Collect$$libinit$$00000012) refers to libinit2.o(.ARM.Collect$$libinit$$00000011) for .ARM.Collect$$libinit$$00000011
    libinit2.o(.ARM.Collect$$libinit$$00000014) refers to libinit2.o(.ARM.Collect$$libinit$$00000011) for .ARM.Collect$$libinit$$00000011
    libinit2.o(.ARM.Collect$$libinit$$00000016) refers to libinit2.o(.ARM.Collect$$libinit$$00000011) for .ARM.Collect$$libinit$$00000011
    libinit2.o(.ARM.Collect$$libinit$$00000018) refers to libinit2.o(.ARM.Collect$$libinit$$00000011) for .ARM.Collect$$libinit$$00000011
    libinit2.o(.ARM.Collect$$libinit$$0000001A) refers to libinit2.o(.ARM.Collect$$libinit$$00000011) for .ARM.Collect$$libinit$$00000011
    libinit2.o(.ARM.Collect$$libinit$$00000028) refers to argv_veneer.o(.emb_text) for __ARM_argv_veneer
    libinit2.o(.ARM.Collect$$libinit$$00000029) refers to argv_veneer.o(.emb_text) for __ARM_argv_veneer
    libinit5.o(.ARM.Collect$$libinit$$0000000A) refers to libinit5.o(.ARM.Collect$$libinit$$0000271B) for __lit__00000000
    libinit5.o(.ARM.Collect$$libinit$$0000002C) refers to libinit5.o(.ARM.Collect$$libinit$$0000273D) for __lit__00000002
    libinit5.o(.ARM.Collect$$libinit$$0000002C) refers to argv_veneer.o(.emb_text) for __ARM_argv_veneer
    rtexit2.o(.ARM.Collect$$rtexit$$00000003) refers to libshutdown.o(.ARM.Collect$$libshutdown$$00000000) for __rt_lib_shutdown
    rtexit2.o(.ARM.Collect$$rtexit$$00000004) refers to sys_exit.o(.text) for _sys_exit
    rtexit2.o(.ARM.exidx) refers to rtexit2.o(.ARM.Collect$$rtexit$$00000001) for .ARM.Collect$$rtexit$$00000001
    rtexit2.o(.ARM.exidx) refers to rtexit2.o(.ARM.Collect$$rtexit$$00000003) for .ARM.Collect$$rtexit$$00000003
    rtexit2.o(.ARM.exidx) refers to rtexit2.o(.ARM.Collect$$rtexit$$00000004) for .ARM.Collect$$rtexit$$00000004
    argv_veneer.o(.emb_text) refers to no_argv.o(.text) for __ARM_get_argv
    sys_exit.o(.text) refers (Special) to use_no_semi.o(.text) for __I$use$semihosting
    sys_exit.o(.text) refers (Special) to indicate_semi.o(.text) for __semihosting_library_function
    sys_exit_hlt.o(.text) refers (Special) to use_no_semi.o(.text) for __I$use$semihosting
    sys_exit_hlt.o(.text) refers (Special) to indicate_semi.o(.text) for __semihosting_library_function
    _get_argv_nomalloc.o(.text) refers (Special) to hrguard.o(.text) for __heap_region$guard
    _get_argv_nomalloc.o(.text) refers to defsig_rtmem_outer.o(.text) for __rt_SIGRTMEM
    _get_argv_nomalloc.o(.text) refers to sys_command.o(.text) for _sys_command_string
    libshutdown.o(.ARM.Collect$$libshutdown$$00000000) refers (Special) to libshutdown2.o(.ARM.Collect$$libshutdown$$00000002) for __rt_lib_shutdown_cpp_1
    libshutdown.o(.ARM.Collect$$libshutdown$$00000000) refers (Special) to libshutdown2.o(.ARM.Collect$$libshutdown$$00000007) for __rt_lib_shutdown_fp_trap_1
    libshutdown.o(.ARM.Collect$$libshutdown$$00000000) refers (Special) to libshutdown2.o(.ARM.Collect$$libshutdown$$0000000F) for __rt_lib_shutdown_heap_1
    libshutdown.o(.ARM.Collect$$libshutdown$$00000000) refers (Special) to libshutdown2.o(.ARM.Collect$$libshutdown$$00000010) for __rt_lib_shutdown_return
    libshutdown.o(.ARM.Collect$$libshutdown$$00000000) refers (Special) to libshutdown2.o(.ARM.Collect$$libshutdown$$0000000A) for __rt_lib_shutdown_signal_1
    libshutdown.o(.ARM.Collect$$libshutdown$$00000000) refers (Special) to libshutdown2.o(.ARM.Collect$$libshutdown$$00000004) for __rt_lib_shutdown_stdio_1
    libshutdown.o(.ARM.Collect$$libshutdown$$00000000) refers (Special) to libshutdown2.o(.ARM.Collect$$libshutdown$$0000000C) for __rt_lib_shutdown_user_alloc_1
    sys_command.o(.text) refers (Special) to use_no_semi.o(.text) for __I$use$semihosting
    sys_command.o(.text) refers (Special) to indicate_semi.o(.text) for __semihosting_library_function
    sys_command_hlt.o(.text) refers (Special) to use_no_semi.o(.text) for __I$use$semihosting
    sys_command_hlt.o(.text) refers (Special) to indicate_semi.o(.text) for __semihosting_library_function
    defsig_rtmem_outer.o(.text) refers to defsig_rtmem_inner.o(.text) for __rt_SIGRTMEM_inner
    defsig_rtmem_outer.o(.text) refers to defsig_exit.o(.text) for __sig_exit
    defsig_rtmem_formal.o(.text) refers to rt_raise.o(.text) for __rt_raise
    rt_raise.o(.text) refers to __raise.o(.text) for __raise
    rt_raise.o(.text) refers to sys_exit.o(.text) for _sys_exit
    defsig_exit.o(.text) refers to sys_exit.o(.text) for _sys_exit
    defsig_rtmem_inner.o(.text) refers to defsig_general.o(.text) for __default_signal_display
    __raise.o(.text) refers to defsig.o(CL$$defsig) for __default_signal_handler
    defsig_general.o(.text) refers to sys_wrch.o(.text) for _ttywrch
    sys_wrch.o(.text) refers (Special) to use_no_semi.o(.text) for __I$use$semihosting
    sys_wrch.o(.text) refers (Special) to indicate_semi.o(.text) for __semihosting_library_function
    sys_wrch_hlt.o(.text) refers (Special) to use_no_semi.o(.text) for __I$use$semihosting
    sys_wrch_hlt.o(.text) refers (Special) to indicate_semi.o(.text) for __semihosting_library_function
    defsig.o(CL$$defsig) refers to defsig_rtmem_inner.o(.text) for __rt_SIGRTMEM_inner
    defsig_abrt_inner.o(.text) refers to defsig_general.o(.text) for __default_signal_display
    defsig_fpe_inner.o(.text) refers to defsig_general.o(.text) for __default_signal_display
    defsig_rtred_inner.o(.text) refers to defsig_general.o(.text) for __default_signal_display
    defsig_stak_inner.o(.text) refers to defsig_general.o(.text) for __default_signal_display
    defsig_pvfn_inner.o(.text) refers to defsig_general.o(.text) for __default_signal_display
    defsig_cppl_inner.o(.text) refers to defsig_general.o(.text) for __default_signal_display
    defsig_segv_inner.o(.text) refers to defsig_general.o(.text) for __default_signal_display
    defsig_other.o(.text) refers to defsig_general.o(.text) for __default_signal_display


==============================================================================

Removing Unused input sections from the image.

    Removing main.o(.text), (0 bytes).
    Removing main.o(.ARM.exidx.text.main), (8 bytes).
    Removing main.o(.ARM.use_no_argv), (4 bytes).
    Removing configgpio.o(.text), (0 bytes).
    Removing configgpio.o(.ARM.exidx.text.setClearBit), (8 bytes).
    Removing configgpio.o(.ARM.exidx.text.setClearBits), (8 bytes).
    Removing configgpio.o(.ARM.exidx.text.Gpio_Init), (8 bytes).
    Removing configgpio.o(.ARM.exidx.text.Gpio_SetMux), (8 bytes).
    Removing configgpio.o(.ARM.exidx.text.Gpio_SetMode), (8 bytes).
    Removing configgpio.o(.text.Gpio_WriteChannel), (48 bytes).
    Removing configgpio.o(.ARM.exidx.text.Gpio_WriteChannel), (8 bytes).
    Removing configgpio.o(.text.Gpio_ToggleChannel), (44 bytes).
    Removing configgpio.o(.ARM.exidx.text.Gpio_ToggleChannel), (8 bytes).
    Removing configgpio.o(.text.Gpio_ReadChannel), (50 bytes).
    Removing configgpio.o(.ARM.exidx.text.Gpio_ReadChannel), (8 bytes).
    Removing configgpio.o(.text.ClearFlagExternalInterruptPortC), (50 bytes).
    Removing configgpio.o(.ARM.exidx.text.ClearFlagExternalInterruptPortC), (8 bytes).
    Removing adc.o(.text), (0 bytes).
    Removing adc.o(.ARM.exidx.text.ADC_Init), (8 bytes).
    Removing adc.o(.text.ADC_HWtrigger_Init), (106 bytes).
    Removing adc.o(.ARM.exidx.text.ADC_HWtrigger_Init), (8 bytes).
    Removing adc.o(.ARM.exidx.text.Convert_ADC_Channel), (8 bytes).
    Removing adc.o(.ARM.exidx.text.Read_ADC_Result), (8 bytes).
    Removing spi_max7219.o(.text), (0 bytes).
    Removing spi_max7219.o(.ARM.exidx.text.LPSPI_Init), (8 bytes).
    Removing spi_max7219.o(.text.LPSPI_transmit_16bit), (60 bytes).
    Removing spi_max7219.o(.ARM.exidx.text.LPSPI_transmit_16bit), (8 bytes).
    Removing spi_max7219.o(.ARM.exidx.text.SPI_SendData), (8 bytes).
    Removing spi_max7219.o(.ARM.exidx.text.MAX7219_Init), (8 bytes).
    Removing spi_max7219.o(.text.MAX7219_Display_Number), (92 bytes).
    Removing spi_max7219.o(.ARM.exidx.text.MAX7219_Display_Number), (8 bytes).
    Removing spi_max7219.o(.ARM.exidx.text.MAX7219_Display_Time), (8 bytes).
    Removing spi_max7219.o(.ARM.exidx.text.MAX7219_Display_Date), (8 bytes).
    Removing spi_max7219.o(.ARM.exidx.text.MAX7219_Display_Temperature), (8 bytes).
    Removing spi_max7219.o(.rodata.greeting), (8 bytes).
    Removing systick.o(.text), (0 bytes).
    Removing systick.o(.ARM.exidx.text.SysTick_Init), (8 bytes).
    Removing systick.o(.ARM.exidx.text.SysTick_Handler), (8 bytes).
    Removing systick.o(.text.delay_ms), (46 bytes).
    Removing systick.o(.ARM.exidx.text.delay_ms), (8 bytes).
    Removing lpit.o(.text), (0 bytes).
    Removing lpit.o(.ARM.exidx.text.isLeapYear), (8 bytes).
    Removing lpit.o(.ARM.exidx.text.getDaysInMonth), (8 bytes).
    Removing lpit.o(.ARM.exidx.text.LPIT_Init), (8 bytes).
    Removing lpit.o(.ARM.exidx.text.LPIT_Init_Interrupt), (8 bytes).
    Removing uart1.o(.text), (0 bytes).
    Removing uart1.o(.ARM.exidx.text.LPUART1_init), (8 bytes).
    Removing uart1.o(.ARM.exidx.text.LPUART1_transmit_char), (8 bytes).
    Removing uart1.o(.ARM.exidx.text.LPUART1_transmit_string), (8 bytes).
    Removing uart1.o(.text.LPUART1_receive_char), (52 bytes).
    Removing uart1.o(.ARM.exidx.text.LPUART1_receive_char), (8 bytes).
    Removing uart1.o(.text.LPUART1_receive_string), (158 bytes).
    Removing uart1.o(.ARM.exidx.text.LPUART1_receive_string), (8 bytes).
    Removing uart1.o(.text.LPUART1_receive_and_echo_char), (30 bytes).
    Removing uart1.o(.ARM.exidx.text.LPUART1_receive_and_echo_char), (8 bytes).
    Removing uart1.o(.text.LPUART1_receive_and_echo_string), (30 bytes).
    Removing uart1.o(.ARM.exidx.text.LPUART1_receive_and_echo_string), (8 bytes).
    Removing uart1.o(.ARM.exidx.text.UART1_EnableInterrupts), (8 bytes).
    Removing mock_project.o(.text), (0 bytes).
    Removing mock_project.o(.ARM.exidx.text.toUint), (8 bytes).
    Removing mock_project.o(.ARM.exidx.text.Convert_To_Time_Format), (8 bytes).
    Removing mock_project.o(.ARM.exidx.text.Convert_To_Date_Format), (8 bytes).
    Removing mock_project.o(.ARM.exidx.text.dateTime), (8 bytes).
    Removing mock_project.o(.ARM.exidx.text.Process_Polling_Buffer), (8 bytes).
    Removing mock_project.o(.ARM.exidx.text.CheckRxBuffer), (8 bytes).
    Removing mock_project.o(.ARM.exidx.text.PORTC_IRQHandler), (8 bytes).
    Removing mock_project.o(.ARM.exidx.text.LPIT0_Ch0_IRQHandler), (8 bytes).
    Removing mock_project.o(.ARM.exidx.text.LPUART1_RxTx_IRQHandler), (8 bytes).
    Removing startup.o(.text), (0 bytes).
    Removing startup.o(.ARM.exidx.text.init_data_bss), (8 bytes).
    Removing system_s32k144.o(.text), (0 bytes).
    Removing system_s32k144.o(.ARM.exidx.text.SystemInit), (8 bytes).
    Removing system_s32k144.o(.text.SystemCoreClockUpdate), (254 bytes).
    Removing system_s32k144.o(.ARM.exidx.text.SystemCoreClockUpdate), (8 bytes).
    Removing system_s32k144.o(.text.SystemSoftwareReset), (48 bytes).
    Removing system_s32k144.o(.ARM.exidx.text.SystemSoftwareReset), (8 bytes).
    Removing system_s32k144.o(.data.SystemCoreClock), (4 bytes).
    Removing system_s32k144.o(.rodata.SystemCoreClockUpdate.fircFreq), (4 bytes).

78 unused section(s) (total 1488 bytes) removed from the image.

==============================================================================

Image Symbol Table

    Local Symbols

    Symbol Name                              Value     Ov Type        Size  Object(Section)

    ../clib/angel/boardlib.s                 0x00000000   Number         0  boardinit1.o ABSOLUTE
    ../clib/angel/boardlib.s                 0x00000000   Number         0  boardinit2.o ABSOLUTE
    ../clib/angel/boardlib.s                 0x00000000   Number         0  boardinit3.o ABSOLUTE
    ../clib/angel/boardlib.s                 0x00000000   Number         0  boardshut.o ABSOLUTE
    ../clib/angel/handlers.s                 0x00000000   Number         0  __scatter_copy.o ABSOLUTE
    ../clib/angel/handlers.s                 0x00000000   Number         0  __scatter_zi.o ABSOLUTE
    ../clib/angel/kernel.s                   0x00000000   Number         0  __rtentry.o ABSOLUTE
    ../clib/angel/kernel.s                   0x00000000   Number         0  __rtentry2.o ABSOLUTE
    ../clib/angel/kernel.s                   0x00000000   Number         0  __rtentry4.o ABSOLUTE
    ../clib/angel/kernel.s                   0x00000000   Number         0  __rtentry7.o ABSOLUTE
    ../clib/angel/kernel.s                   0x00000000   Number         0  rtexit.o ABSOLUTE
    ../clib/angel/kernel.s                   0x00000000   Number         0  rtexit2.o ABSOLUTE
    ../clib/angel/rt.s                       0x00000000   Number         0  rt_raise.o ABSOLUTE
    ../clib/angel/scatter.s                  0x00000000   Number         0  __scatter.o ABSOLUTE
    ../clib/angel/startup.s                  0x00000000   Number         0  __main.o ABSOLUTE
    ../clib/angel/sys.s                      0x00000000   Number         0  sys_stackheap_outer.o ABSOLUTE
    ../clib/angel/sys.s                      0x00000000   Number         0  libspace.o ABSOLUTE
    ../clib/angel/sys.s                      0x00000000   Number         0  sys_stackheap.o ABSOLUTE
    ../clib/angel/sys.s                      0x00000000   Number         0  sys_stackheap_hlt.o ABSOLUTE
    ../clib/angel/sys.s                      0x00000000   Number         0  use_no_semi.o ABSOLUTE
    ../clib/angel/sys.s                      0x00000000   Number         0  indicate_semi.o ABSOLUTE
    ../clib/angel/sysapp.c                   0x00000000   Number         0  sys_exit.o ABSOLUTE
    ../clib/angel/sysapp.c                   0x00000000   Number         0  sys_exit_hlt.o ABSOLUTE
    ../clib/angel/sysapp.c                   0x00000000   Number         0  sys_command.o ABSOLUTE
    ../clib/angel/sysapp.c                   0x00000000   Number         0  sys_command_hlt.o ABSOLUTE
    ../clib/angel/sysapp.c                   0x00000000   Number         0  sys_wrch.o ABSOLUTE
    ../clib/angel/sysapp.c                   0x00000000   Number         0  sys_wrch_hlt.o ABSOLUTE
    ../clib/armsys.c                         0x00000000   Number         0  argv_veneer.o ABSOLUTE
    ../clib/armsys.c                         0x00000000   Number         0  argv_veneer.o ABSOLUTE
    ../clib/armsys.c                         0x00000000   Number         0  _get_argv_nomalloc.o ABSOLUTE
    ../clib/armsys.c                         0x00000000   Number         0  no_argv.o ABSOLUTE
    ../clib/heapalloc.c                      0x00000000   Number         0  hrguard.o ABSOLUTE
    ../clib/libinit.s                        0x00000000   Number         0  libinit.o ABSOLUTE
    ../clib/libinit.s                        0x00000000   Number         0  libinit2.o ABSOLUTE
    ../clib/libinit.s                        0x00000000   Number         0  libinit5.o ABSOLUTE
    ../clib/libinit.s                        0x00000000   Number         0  libshutdown.o ABSOLUTE
    ../clib/libinit.s                        0x00000000   Number         0  libshutdown2.o ABSOLUTE
    ../clib/signal.c                         0x00000000   Number         0  defsig_rtmem_outer.o ABSOLUTE
    ../clib/signal.c                         0x00000000   Number         0  defsig_rtmem_formal.o ABSOLUTE
    ../clib/signal.c                         0x00000000   Number         0  defsig_exit.o ABSOLUTE
    ../clib/signal.c                         0x00000000   Number         0  defsig_rtmem_inner.o ABSOLUTE
    ../clib/signal.c                         0x00000000   Number         0  __raise.o ABSOLUTE
    ../clib/signal.c                         0x00000000   Number         0  defsig_general.o ABSOLUTE
    ../clib/signal.c                         0x00000000   Number         0  defsig_abrt_inner.o ABSOLUTE
    ../clib/signal.c                         0x00000000   Number         0  defsig_fpe_inner.o ABSOLUTE
    ../clib/signal.c                         0x00000000   Number         0  defsig_rtred_inner.o ABSOLUTE
    ../clib/signal.c                         0x00000000   Number         0  defsig_stak_inner.o ABSOLUTE
    ../clib/signal.c                         0x00000000   Number         0  defsig_pvfn_inner.o ABSOLUTE
    ../clib/signal.c                         0x00000000   Number         0  defsig_cppl_inner.o ABSOLUTE
    ../clib/signal.c                         0x00000000   Number         0  defsig_segv_inner.o ABSOLUTE
    ../clib/signal.c                         0x00000000   Number         0  defsig_other.o ABSOLUTE
    ../clib/signal.s                         0x00000000   Number         0  defsig.o ABSOLUTE
    ../clib/stdlib.c                         0x00000000   Number         0  exit.o ABSOLUTE
    ../fplib/daddsub.s                       0x00000000   Number         0  daddsub_clz.o ABSOLUTE
    ../fplib/ddiv.s                          0x00000000   Number         0  ddiv.o ABSOLUTE
    ../fplib/dfixu.s                         0x00000000   Number         0  dfixu.o ABSOLUTE
    ../fplib/dflt.s                          0x00000000   Number         0  dflt_clz.o ABSOLUTE
    ../fplib/dnaninf.s                       0x00000000   Number         0  dnaninf.o ABSOLUTE
    ../fplib/dretinf.s                       0x00000000   Number         0  dretinf.o ABSOLUTE
    ../fplib/fpinit.s                        0x00000000   Number         0  fpinit.o ABSOLUTE
    ../fplib/usenofp.s                       0x00000000   Number         0  usenofp.o ABSOLUTE
    ADC.c                                    0x00000000   Number         0  adc.o ABSOLUTE
    ConfigGPIO.c                             0x00000000   Number         0  configgpio.o ABSOLUTE
    LPIT.c                                   0x00000000   Number         0  lpit.o ABSOLUTE
    Mock_project.c                           0x00000000   Number         0  mock_project.o ABSOLUTE
    RTE\Device\S32K144HAxxxLLx\startup_S32K144.S 0x00000000   Number         0  startup_s32k144.o ABSOLUTE
    SPI_MAX7219.c                            0x00000000   Number         0  spi_max7219.o ABSOLUTE
    SysTick.c                                0x00000000   Number         0  systick.o ABSOLUTE
    UART1.c                                  0x00000000   Number         0  uart1.o ABSOLUTE
    dc.s                                     0x00000000   Number         0  dc.o ABSOLUTE
    main.c                                   0x00000000   Number         0  main.o ABSOLUTE
    startup.c                                0x00000000   Number         0  startup.o ABSOLUTE
    system_S32K144.c                         0x00000000   Number         0  system_s32k144.o ABSOLUTE
    RESET                                    0x00000000   Section      560  startup_s32k144.o(RESET)
    FlashConfig                              0x00000400   Section       16  startup_s32k144.o(FlashConfig)
    s_vectors                                0x000004d8   Data           4  startup.o(.rodata.s_vectors)
    [Anonymous Symbol]                       0x000004d8   Section        0  startup.o(.rodata.s_vectors)
    .L.str.1                                 0x000004dc   Data          61  main.o(.rodata.str1.1)
    [Anonymous Symbol]                       0x000004dc   Section        0  main.o(.rodata.str1.1)
    .L.str.2                                 0x00000519   Data          61  main.o(.rodata.str1.1)
    .L.str                                   0x00000556   Data          83  main.o(.rodata.str1.1)
    .L.str                                   0x000005a9   Data          21  mock_project.o(.rodata.str1.1)
    [Anonymous Symbol]                       0x000005a9   Section        0  mock_project.o(.rodata.str1.1)
    .L.str.2                                 0x000005be   Data          21  mock_project.o(.rodata.str1.1)
    .L.str.4                                 0x000005d3   Data          22  mock_project.o(.rodata.str1.1)
    .L.str.1                                 0x000005e9   Data          27  mock_project.o(.rodata.str1.1)
    .L.str.3                                 0x00000604   Data          27  mock_project.o(.rodata.str1.1)
    !!!main                                  0x00000620   Section        8  __main.o(!!!main)
    !!!scatter                               0x00000628   Section       52  __scatter.o(!!!scatter)
    !!handler_copy                           0x0000065c   Section       26  __scatter_copy.o(!!handler_copy)
    !!handler_zi                             0x00000678   Section       28  __scatter_zi.o(!!handler_zi)
    .ARM.Collect$$libinit$$00000000          0x00000694   Section        2  libinit.o(.ARM.Collect$$libinit$$00000000)
    .ARM.Collect$$libinit$$00000001          0x00000696   Section        4  libinit2.o(.ARM.Collect$$libinit$$00000001)
    .ARM.Collect$$libinit$$00000004          0x0000069a   Section        0  libinit2.o(.ARM.Collect$$libinit$$00000004)
    .ARM.Collect$$libinit$$00000006          0x0000069a   Section        0  libinit2.o(.ARM.Collect$$libinit$$00000006)
    .ARM.Collect$$libinit$$0000000C          0x0000069a   Section        0  libinit2.o(.ARM.Collect$$libinit$$0000000C)
    .ARM.Collect$$libinit$$0000000E          0x0000069a   Section        0  libinit2.o(.ARM.Collect$$libinit$$0000000E)
    .ARM.Collect$$libinit$$00000010          0x0000069a   Section        0  libinit2.o(.ARM.Collect$$libinit$$00000010)
    .ARM.Collect$$libinit$$00000013          0x0000069a   Section        0  libinit2.o(.ARM.Collect$$libinit$$00000013)
    .ARM.Collect$$libinit$$00000015          0x0000069a   Section        0  libinit2.o(.ARM.Collect$$libinit$$00000015)
    .ARM.Collect$$libinit$$00000017          0x0000069a   Section        0  libinit2.o(.ARM.Collect$$libinit$$00000017)
    .ARM.Collect$$libinit$$00000019          0x0000069a   Section        0  libinit2.o(.ARM.Collect$$libinit$$00000019)
    .ARM.Collect$$libinit$$0000001B          0x0000069a   Section        0  libinit2.o(.ARM.Collect$$libinit$$0000001B)
    .ARM.Collect$$libinit$$0000001D          0x0000069a   Section        0  libinit2.o(.ARM.Collect$$libinit$$0000001D)
    .ARM.Collect$$libinit$$0000001F          0x0000069a   Section        0  libinit2.o(.ARM.Collect$$libinit$$0000001F)
    .ARM.Collect$$libinit$$00000021          0x0000069a   Section        0  libinit2.o(.ARM.Collect$$libinit$$00000021)
    .ARM.Collect$$libinit$$00000023          0x0000069a   Section        0  libinit2.o(.ARM.Collect$$libinit$$00000023)
    .ARM.Collect$$libinit$$00000025          0x0000069a   Section        0  libinit2.o(.ARM.Collect$$libinit$$00000025)
    .ARM.Collect$$libinit$$00000027          0x0000069a   Section        0  libinit2.o(.ARM.Collect$$libinit$$00000027)
    .ARM.Collect$$libinit$$0000002E          0x0000069a   Section        0  libinit2.o(.ARM.Collect$$libinit$$0000002E)
    .ARM.Collect$$libinit$$00000030          0x0000069a   Section        0  libinit2.o(.ARM.Collect$$libinit$$00000030)
    .ARM.Collect$$libinit$$00000032          0x0000069a   Section        0  libinit2.o(.ARM.Collect$$libinit$$00000032)
    .ARM.Collect$$libinit$$00000034          0x0000069a   Section        0  libinit2.o(.ARM.Collect$$libinit$$00000034)
    .ARM.Collect$$libinit$$00000035          0x0000069a   Section        2  libinit2.o(.ARM.Collect$$libinit$$00000035)
    .ARM.Collect$$libshutdown$$00000000      0x0000069c   Section        2  libshutdown.o(.ARM.Collect$$libshutdown$$00000000)
    .ARM.Collect$$libshutdown$$00000002      0x0000069e   Section        0  libshutdown2.o(.ARM.Collect$$libshutdown$$00000002)
    .ARM.Collect$$libshutdown$$00000004      0x0000069e   Section        0  libshutdown2.o(.ARM.Collect$$libshutdown$$00000004)
    .ARM.Collect$$libshutdown$$00000007      0x0000069e   Section        0  libshutdown2.o(.ARM.Collect$$libshutdown$$00000007)
    .ARM.Collect$$libshutdown$$0000000A      0x0000069e   Section        0  libshutdown2.o(.ARM.Collect$$libshutdown$$0000000A)
    .ARM.Collect$$libshutdown$$0000000C      0x0000069e   Section        0  libshutdown2.o(.ARM.Collect$$libshutdown$$0000000C)
    .ARM.Collect$$libshutdown$$0000000F      0x0000069e   Section        0  libshutdown2.o(.ARM.Collect$$libshutdown$$0000000F)
    .ARM.Collect$$libshutdown$$00000010      0x0000069e   Section        2  libshutdown2.o(.ARM.Collect$$libshutdown$$00000010)
    .ARM.Collect$$rtentry$$00000000          0x000006a0   Section        0  __rtentry.o(.ARM.Collect$$rtentry$$00000000)
    .ARM.Collect$$rtentry$$00000002          0x000006a0   Section        0  __rtentry2.o(.ARM.Collect$$rtentry$$00000002)
    .ARM.Collect$$rtentry$$00000007          0x000006a0   Section        4  __rtentry7.o(.ARM.Collect$$rtentry$$00000007)
    .ARM.Collect$$rtentry$$00000009          0x000006a4   Section        0  __rtentry2.o(.ARM.Collect$$rtentry$$00000009)
    .ARM.Collect$$rtentry$$0000000A          0x000006a4   Section        4  __rtentry2.o(.ARM.Collect$$rtentry$$0000000A)
    .ARM.Collect$$rtentry$$0000000C          0x000006a8   Section        0  __rtentry2.o(.ARM.Collect$$rtentry$$0000000C)
    .ARM.Collect$$rtentry$$0000000D          0x000006a8   Section        8  __rtentry2.o(.ARM.Collect$$rtentry$$0000000D)
    __lit__00000000                          0x000006b0   Data           4  __rtentry7.o(.ARM.Collect$$rtentry$$00002718)
    .ARM.Collect$$rtentry$$00002718          0x000006b0   Section        4  __rtentry7.o(.ARM.Collect$$rtentry$$00002718)
    .ARM.Collect$$rtexit$$00000000           0x000006b4   Section        2  rtexit.o(.ARM.Collect$$rtexit$$00000000)
    .ARM.Collect$$rtexit$$00000002           0x000006b6   Section        0  rtexit2.o(.ARM.Collect$$rtexit$$00000002)
    .ARM.Collect$$rtexit$$00000003           0x000006b6   Section        4  rtexit2.o(.ARM.Collect$$rtexit$$00000003)
    .ARM.Collect$$rtexit$$00000004           0x000006ba   Section        6  rtexit2.o(.ARM.Collect$$rtexit$$00000004)
    .text                                    0x000006c0   Section      156  startup_s32k144.o(.text)
    $v0                                      0x00000714   Number         0  startup_s32k144.o(.text)
    .text                                    0x0000075c   Section        0  exit.o(.text)
    .text                                    0x0000076e   Section        2  use_no_semi.o(.text)
    .text                                    0x00000770   Section        0  indicate_semi.o(.text)
    .text                                    0x00000770   Section        0  sys_exit.o(.text)
    [Anonymous Symbol]                       0x0000077c   Section        0  adc.o(.text.ADC_Init)
    [Anonymous Symbol]                       0x000007e4   Section        0  mock_project.o(.text.CheckRxBuffer)
    [Anonymous Symbol]                       0x000008dc   Section        0  adc.o(.text.Convert_ADC_Channel)
    [Anonymous Symbol]                       0x000008fc   Section        0  mock_project.o(.text.Convert_To_Date_Format)
    [Anonymous Symbol]                       0x000009b0   Section        0  mock_project.o(.text.Convert_To_Time_Format)
    [Anonymous Symbol]                       0x00000a44   Section        0  configgpio.o(.text.Gpio_Init)
    [Anonymous Symbol]                       0x00000a74   Section        0  configgpio.o(.text.Gpio_SetMode)
    [Anonymous Symbol]                       0x00000afc   Section        0  configgpio.o(.text.Gpio_SetMux)
    [Anonymous Symbol]                       0x00000b3c   Section        0  mock_project.o(.text.LPIT0_Ch0_IRQHandler)
    [Anonymous Symbol]                       0x00000b58   Section        0  lpit.o(.text.LPIT_Init)
    [Anonymous Symbol]                       0x00000bbc   Section        0  lpit.o(.text.LPIT_Init_Interrupt)
    [Anonymous Symbol]                       0x00000bd8   Section        0  spi_max7219.o(.text.LPSPI_Init)
    [Anonymous Symbol]                       0x00000c68   Section        0  mock_project.o(.text.LPUART1_RxTx_IRQHandler)
    [Anonymous Symbol]                       0x00000ca4   Section        0  uart1.o(.text.LPUART1_init)
    [Anonymous Symbol]                       0x00000d00   Section        0  uart1.o(.text.LPUART1_transmit_char)
    [Anonymous Symbol]                       0x00000d34   Section        0  uart1.o(.text.LPUART1_transmit_string)
    [Anonymous Symbol]                       0x00000d60   Section        0  spi_max7219.o(.text.MAX7219_Display_Date)
    [Anonymous Symbol]                       0x00000e70   Section        0  spi_max7219.o(.text.MAX7219_Display_Temperature)
    [Anonymous Symbol]                       0x00000eec   Section        0  spi_max7219.o(.text.MAX7219_Display_Time)
    [Anonymous Symbol]                       0x00000fac   Section        0  spi_max7219.o(.text.MAX7219_Init)
    [Anonymous Symbol]                       0x00000fd0   Section        0  mock_project.o(.text.PORTC_IRQHandler)
    [Anonymous Symbol]                       0x0000107c   Section        0  mock_project.o(.text.Process_Polling_Buffer)
    [Anonymous Symbol]                       0x00001170   Section        0  adc.o(.text.Read_ADC_Result)
    [Anonymous Symbol]                       0x000011a4   Section        0  spi_max7219.o(.text.SPI_SendData)
    [Anonymous Symbol]                       0x000011e4   Section        0  systick.o(.text.SysTick_Handler)
    [Anonymous Symbol]                       0x000011f4   Section        0  systick.o(.text.SysTick_Init)
    [Anonymous Symbol]                       0x0000124c   Section        0  system_s32k144.o(.text.SystemInit)
    [Anonymous Symbol]                       0x000012a0   Section        0  uart1.o(.text.UART1_EnableInterrupts)
    [Anonymous Symbol]                       0x000012b4   Section        0  mock_project.o(.text.dateTime)
    [Anonymous Symbol]                       0x000013bc   Section        0  lpit.o(.text.getDaysInMonth)
    [Anonymous Symbol]                       0x0000144c   Section        0  startup.o(.text.init_data_bss)
    [Anonymous Symbol]                       0x000014ec   Section        0  lpit.o(.text.isLeapYear)
    [Anonymous Symbol]                       0x00001568   Section        0  main.o(.text.main)
    [Anonymous Symbol]                       0x000017b8   Section        0  configgpio.o(.text.setClearBit)
    [Anonymous Symbol]                       0x00001804   Section        0  configgpio.o(.text.setClearBits)
    [Anonymous Symbol]                       0x0000184c   Section        0  mock_project.o(.text.toUint)
    $v0                                      0x000018e8   Number         0  daddsub_clz.o(x$fpl$dadd)
    x$fpl$dadd                               0x000018e8   Section      336  daddsub_clz.o(x$fpl$dadd)
    _dadd1                                   0x000018f9   Thumb Code     0  daddsub_clz.o(x$fpl$dadd)
    $v0                                      0x00001a38   Number         0  ddiv.o(x$fpl$ddiv)
    x$fpl$ddiv                               0x00001a38   Section      692  ddiv.o(x$fpl$ddiv)
    ddiv_entry                               0x00001a3f   Thumb Code     0  ddiv.o(x$fpl$ddiv)
    $v0                                      0x00001cec   Number         0  dfixu.o(x$fpl$dfixu)
    x$fpl$dfixu                              0x00001cec   Section       90  dfixu.o(x$fpl$dfixu)
    $v0                                      0x00001d46   Number         0  dflt_clz.o(x$fpl$dfltu)
    x$fpl$dfltu                              0x00001d46   Section       38  dflt_clz.o(x$fpl$dfltu)
    $v0                                      0x00001d6c   Number         0  dnaninf.o(x$fpl$dnaninf)
    x$fpl$dnaninf                            0x00001d6c   Section      156  dnaninf.o(x$fpl$dnaninf)
    $v0                                      0x00001e08   Number         0  dretinf.o(x$fpl$dretinf)
    x$fpl$dretinf                            0x00001e08   Section       12  dretinf.o(x$fpl$dretinf)
    $v0                                      0x00001e14   Number         0  daddsub_clz.o(x$fpl$dsub)
    x$fpl$dsub                               0x00001e14   Section      476  daddsub_clz.o(x$fpl$dsub)
    _dsub1                                   0x00001e25   Thumb Code     0  daddsub_clz.o(x$fpl$dsub)
    $v0                                      0x00001ff0   Number         0  fpinit.o(x$fpl$fpinit)
    x$fpl$fpinit                             0x00001ff0   Section       26  fpinit.o(x$fpl$fpinit)
    x$fpl$usenofp                            0x0000200a   Section        0  usenofp.o(x$fpl$usenofp)

    Global Symbols

    Symbol Name                              Value     Ov Type        Size  Object(Section)

    BuildAttributes$$THM_ISAv4$E$P$D$K$B$S$7EM$VFPi3$EXTD16$VFPS$VFMA$PE$A:L22UL41UL21$X:L11$S22US41US21$IEEE1$IW$~IW$USESV6$~STKCKD$USESV7$~SHL$OSPACE$ROPI$EBA8$UX$STANDARDLIB$REQ8$PRES8$EABIv2 0x00000000   Number         0  anon$$obj.o ABSOLUTE
    Image$$RW_m_code$$Length                 0x00000000   Number         0  anon$$obj.o ABSOLUTE
    Image$$VECTOR_RAM$$Length                0x00000000   Number         0  anon$$obj.o ABSOLUTE
    Image$$VECTOR_ROM$$Base                  0x00000000   Number         0  anon$$obj.o ABSOLUTE
    __Vectors                                0x00000000   Data           4  startup_s32k144.o(RESET)
    Image$$ZI$$Limit                          - Undefined Weak Reference
    __ARM_exceptions_init                     - Undefined Weak Reference
    __alloca_initialize                       - Undefined Weak Reference
    __arm_preinit_                            - Undefined Weak Reference
    __arm_relocate_pie_                       - Undefined Weak Reference
    __cpp_initialize__aeabi_                  - Undefined Weak Reference
    __cxa_finalize                            - Undefined Weak Reference
    __rt_locale                               - Undefined Weak Reference
    __sigvec_lookup                           - Undefined Weak Reference
    _atexit_init                              - Undefined Weak Reference
    _call_atexit_fns                          - Undefined Weak Reference
    _clock_init                               - Undefined Weak Reference
    _fp_trap_init                             - Undefined Weak Reference
    _fp_trap_shutdown                         - Undefined Weak Reference
    _get_lc_collate                           - Undefined Weak Reference
    _get_lc_ctype                             - Undefined Weak Reference
    _get_lc_monetary                          - Undefined Weak Reference
    _get_lc_numeric                           - Undefined Weak Reference
    _get_lc_time                              - Undefined Weak Reference
    _getenv_init                              - Undefined Weak Reference
    _handle_redirection                       - Undefined Weak Reference
    _init_alloc                               - Undefined Weak Reference
    _init_user_alloc                          - Undefined Weak Reference
    _initio                                   - Undefined Weak Reference
    _rand_init                                - Undefined Weak Reference
    _signal_finish                            - Undefined Weak Reference
    _signal_init                              - Undefined Weak Reference
    _terminate_alloc                          - Undefined Weak Reference
    _terminate_user_alloc                     - Undefined Weak Reference
    _terminateio                              - Undefined Weak Reference
    Image$$RW_m_data$$Length                 0x00000018   Number         0  anon$$obj.o ABSOLUTE
    Image$$VECTOR_ROM$$Length                0x00000230   Number         0  anon$$obj.o ABSOLUTE
    Image$$VECTOR_ROM$$Limit                 0x00000230   Number         0  anon$$obj.o ABSOLUTE
    GPIO_BASE                                0x00000410   Data          20  configgpio.o(.rodata.GPIO_BASE)
    Image$$ER_m_text_const$$Base             0x00000410   Number         0  anon$$obj.o ABSOLUTE
    PCC_PORT                                 0x00000424   Data          20  configgpio.o(.rodata.PCC_PORT)
    PORT_BASE                                0x00000438   Data          20  configgpio.o(.rodata.PORT_BASE)
    PORT_PCR                                 0x0000044c   Data         128  configgpio.o(.rodata.PORT_PCR)
    digitSegmentCodes                        0x000004cc   Data          10  spi_max7219.o(.rodata.digitSegmentCodes)
    Image$$ER_m_text_const$$Limit            0x00000620   Number         0  anon$$obj.o ABSOLUTE
    __main                                   0x00000621   Thumb Code     8  __main.o(!!!main)
    __scatterload                            0x00000629   Thumb Code     0  __scatter.o(!!!scatter)
    __scatterload_rt2                        0x00000629   Thumb Code    44  __scatter.o(!!!scatter)
    __scatterload_rt2_thumb_only             0x00000629   Thumb Code     0  __scatter.o(!!!scatter)
    __scatterload_null                       0x00000637   Thumb Code     0  __scatter.o(!!!scatter)
    __scatterload_copy                       0x0000065d   Thumb Code    26  __scatter_copy.o(!!handler_copy)
    __scatterload_zeroinit                   0x00000679   Thumb Code    28  __scatter_zi.o(!!handler_zi)
    __rt_lib_init                            0x00000695   Thumb Code     0  libinit.o(.ARM.Collect$$libinit$$00000000)
    __rt_lib_init_fp_1                       0x00000697   Thumb Code     0  libinit2.o(.ARM.Collect$$libinit$$00000001)
    __rt_lib_init_alloca_1                   0x0000069b   Thumb Code     0  libinit2.o(.ARM.Collect$$libinit$$00000030)
    __rt_lib_init_argv_1                     0x0000069b   Thumb Code     0  libinit2.o(.ARM.Collect$$libinit$$0000002E)
    __rt_lib_init_atexit_1                   0x0000069b   Thumb Code     0  libinit2.o(.ARM.Collect$$libinit$$0000001D)
    __rt_lib_init_clock_1                    0x0000069b   Thumb Code     0  libinit2.o(.ARM.Collect$$libinit$$00000023)
    __rt_lib_init_cpp_1                      0x0000069b   Thumb Code     0  libinit2.o(.ARM.Collect$$libinit$$00000034)
    __rt_lib_init_exceptions_1               0x0000069b   Thumb Code     0  libinit2.o(.ARM.Collect$$libinit$$00000032)
    __rt_lib_init_fp_trap_1                  0x0000069b   Thumb Code     0  libinit2.o(.ARM.Collect$$libinit$$00000021)
    __rt_lib_init_getenv_1                   0x0000069b   Thumb Code     0  libinit2.o(.ARM.Collect$$libinit$$00000025)
    __rt_lib_init_heap_1                     0x0000069b   Thumb Code     0  libinit2.o(.ARM.Collect$$libinit$$0000000C)
    __rt_lib_init_lc_collate_1               0x0000069b   Thumb Code     0  libinit2.o(.ARM.Collect$$libinit$$00000013)
    __rt_lib_init_lc_ctype_1                 0x0000069b   Thumb Code     0  libinit2.o(.ARM.Collect$$libinit$$00000015)
    __rt_lib_init_lc_monetary_1              0x0000069b   Thumb Code     0  libinit2.o(.ARM.Collect$$libinit$$00000017)
    __rt_lib_init_lc_numeric_1               0x0000069b   Thumb Code     0  libinit2.o(.ARM.Collect$$libinit$$00000019)
    __rt_lib_init_lc_time_1                  0x0000069b   Thumb Code     0  libinit2.o(.ARM.Collect$$libinit$$0000001B)
    __rt_lib_init_preinit_1                  0x0000069b   Thumb Code     0  libinit2.o(.ARM.Collect$$libinit$$00000006)
    __rt_lib_init_rand_1                     0x0000069b   Thumb Code     0  libinit2.o(.ARM.Collect$$libinit$$00000010)
    __rt_lib_init_relocate_pie_1             0x0000069b   Thumb Code     0  libinit2.o(.ARM.Collect$$libinit$$00000004)
    __rt_lib_init_return                     0x0000069b   Thumb Code     0  libinit2.o(.ARM.Collect$$libinit$$00000035)
    __rt_lib_init_signal_1                   0x0000069b   Thumb Code     0  libinit2.o(.ARM.Collect$$libinit$$0000001F)
    __rt_lib_init_stdio_1                    0x0000069b   Thumb Code     0  libinit2.o(.ARM.Collect$$libinit$$00000027)
    __rt_lib_init_user_alloc_1               0x0000069b   Thumb Code     0  libinit2.o(.ARM.Collect$$libinit$$0000000E)
    __rt_lib_shutdown                        0x0000069d   Thumb Code     0  libshutdown.o(.ARM.Collect$$libshutdown$$00000000)
    __rt_lib_shutdown_cpp_1                  0x0000069f   Thumb Code     0  libshutdown2.o(.ARM.Collect$$libshutdown$$00000002)
    __rt_lib_shutdown_fp_trap_1              0x0000069f   Thumb Code     0  libshutdown2.o(.ARM.Collect$$libshutdown$$00000007)
    __rt_lib_shutdown_heap_1                 0x0000069f   Thumb Code     0  libshutdown2.o(.ARM.Collect$$libshutdown$$0000000F)
    __rt_lib_shutdown_return                 0x0000069f   Thumb Code     0  libshutdown2.o(.ARM.Collect$$libshutdown$$00000010)
    __rt_lib_shutdown_signal_1               0x0000069f   Thumb Code     0  libshutdown2.o(.ARM.Collect$$libshutdown$$0000000A)
    __rt_lib_shutdown_stdio_1                0x0000069f   Thumb Code     0  libshutdown2.o(.ARM.Collect$$libshutdown$$00000004)
    __rt_lib_shutdown_user_alloc_1           0x0000069f   Thumb Code     0  libshutdown2.o(.ARM.Collect$$libshutdown$$0000000C)
    __rt_entry                               0x000006a1   Thumb Code     0  __rtentry.o(.ARM.Collect$$rtentry$$00000000)
    __rt_entry_presh_1                       0x000006a1   Thumb Code     0  __rtentry2.o(.ARM.Collect$$rtentry$$00000002)
    __rt_entry_sh                            0x000006a1   Thumb Code     0  __rtentry7.o(.ARM.Collect$$rtentry$$00000007)
    __rt_entry_li                            0x000006a5   Thumb Code     0  __rtentry2.o(.ARM.Collect$$rtentry$$0000000A)
    __rt_entry_postsh_1                      0x000006a5   Thumb Code     0  __rtentry2.o(.ARM.Collect$$rtentry$$00000009)
    __rt_entry_main                          0x000006a9   Thumb Code     0  __rtentry2.o(.ARM.Collect$$rtentry$$0000000D)
    __rt_entry_postli_1                      0x000006a9   Thumb Code     0  __rtentry2.o(.ARM.Collect$$rtentry$$0000000C)
    __rt_exit                                0x000006b5   Thumb Code     0  rtexit.o(.ARM.Collect$$rtexit$$00000000)
    __rt_exit_ls                             0x000006b7   Thumb Code     0  rtexit2.o(.ARM.Collect$$rtexit$$00000003)
    __rt_exit_prels_1                        0x000006b7   Thumb Code     0  rtexit2.o(.ARM.Collect$$rtexit$$00000002)
    __rt_exit_exit                           0x000006bb   Thumb Code     0  rtexit2.o(.ARM.Collect$$rtexit$$00000004)
    __RAM_VECTOR_TABLE_SIZE                  0x000006c0   Data           4  startup_s32k144.o(.text)
    __VECTOR_RAM                             0x000006c4   Data           4  startup_s32k144.o(.text)
    __VECTOR_ROM                             0x000006c8   Data           4  startup_s32k144.o(.text)
    __VECTOR_ROM_START                       0x000006cc   Data           4  startup_s32k144.o(.text)
    __VECTOR_ROM_END                         0x000006d0   Data           4  startup_s32k144.o(.text)
    __CODE_ROM                               0x000006d4   Data           4  startup_s32k144.o(.text)
    __CODE_END                               0x000006d8   Data           4  startup_s32k144.o(.text)
    __CODE_RAM                               0x000006dc   Data           4  startup_s32k144.o(.text)
    __CODE_RAM_START                         0x000006e0   Data           4  startup_s32k144.o(.text)
    __CODE_RAM_END                           0x000006e4   Data           4  startup_s32k144.o(.text)
    __BSS_START                              0x000006e8   Data           4  startup_s32k144.o(.text)
    __BSS_END                                0x000006ec   Data           4  startup_s32k144.o(.text)
    __DATA_RAM                               0x000006f0   Data           4  startup_s32k144.o(.text)
    __DATA_RAM_START                         0x000006f4   Data           4  startup_s32k144.o(.text)
    __DATA_RAM_END                           0x000006f8   Data           4  startup_s32k144.o(.text)
    __DATA_ROM                               0x000006fc   Data           4  startup_s32k144.o(.text)
    __DATA_END                               0x00000700   Data           4  startup_s32k144.o(.text)
    __CUSTOM_SECTION_START                   0x00000704   Data           4  startup_s32k144.o(.text)
    __CUSTOM_SECTION_END                     0x00000708   Data           4  startup_s32k144.o(.text)
    __RAM_START                              0x0000070c   Data           4  startup_s32k144.o(.text)
    __RAM_END                                0x00000710   Data           4  startup_s32k144.o(.text)
    Reset_Handler                            0x00000715   Thumb Code    28  startup_s32k144.o(.text)
    NMI_Handler                              0x00000731   Thumb Code     2  startup_s32k144.o(.text)
    HardFault_Handler                        0x00000733   Thumb Code     2  startup_s32k144.o(.text)
    MemManage_Handler                        0x00000735   Thumb Code     2  startup_s32k144.o(.text)
    BusFault_Handler                         0x00000737   Thumb Code     2  startup_s32k144.o(.text)
    UsageFault_Handler                       0x00000739   Thumb Code     2  startup_s32k144.o(.text)
    SVC_Handler                              0x0000073b   Thumb Code     2  startup_s32k144.o(.text)
    DebugMon_Handler                         0x0000073d   Thumb Code     2  startup_s32k144.o(.text)
    PendSV_Handler                           0x0000073f   Thumb Code     2  startup_s32k144.o(.text)
    DefaultISR                               0x00000743   Thumb Code     2  startup_s32k144.o(.text)
    ADC0_IRQHandler                          0x00000745   Thumb Code     0  startup_s32k144.o(.text)
    ADC1_IRQHandler                          0x00000745   Thumb Code     0  startup_s32k144.o(.text)
    CAN0_Error_IRQHandler                    0x00000745   Thumb Code     0  startup_s32k144.o(.text)
    CAN0_ORed_0_15_MB_IRQHandler             0x00000745   Thumb Code     0  startup_s32k144.o(.text)
    CAN0_ORed_16_31_MB_IRQHandler            0x00000745   Thumb Code     0  startup_s32k144.o(.text)
    CAN0_ORed_IRQHandler                     0x00000745   Thumb Code     0  startup_s32k144.o(.text)
    CAN0_Wake_Up_IRQHandler                  0x00000745   Thumb Code     0  startup_s32k144.o(.text)
    CAN1_Error_IRQHandler                    0x00000745   Thumb Code     0  startup_s32k144.o(.text)
    CAN1_ORed_0_15_MB_IRQHandler             0x00000745   Thumb Code     0  startup_s32k144.o(.text)
    CAN1_ORed_IRQHandler                     0x00000745   Thumb Code     0  startup_s32k144.o(.text)
    CAN2_Error_IRQHandler                    0x00000745   Thumb Code     0  startup_s32k144.o(.text)
    CAN2_ORed_0_15_MB_IRQHandler             0x00000745   Thumb Code     0  startup_s32k144.o(.text)
    CAN2_ORed_IRQHandler                     0x00000745   Thumb Code     0  startup_s32k144.o(.text)
    CMP0_IRQHandler                          0x00000745   Thumb Code     0  startup_s32k144.o(.text)
    DMA0_IRQHandler                          0x00000745   Thumb Code     0  startup_s32k144.o(.text)
    DMA10_IRQHandler                         0x00000745   Thumb Code     0  startup_s32k144.o(.text)
    DMA11_IRQHandler                         0x00000745   Thumb Code     0  startup_s32k144.o(.text)
    DMA12_IRQHandler                         0x00000745   Thumb Code     0  startup_s32k144.o(.text)
    DMA13_IRQHandler                         0x00000745   Thumb Code     0  startup_s32k144.o(.text)
    DMA14_IRQHandler                         0x00000745   Thumb Code     0  startup_s32k144.o(.text)
    DMA15_IRQHandler                         0x00000745   Thumb Code     0  startup_s32k144.o(.text)
    DMA1_IRQHandler                          0x00000745   Thumb Code     0  startup_s32k144.o(.text)
    DMA2_IRQHandler                          0x00000745   Thumb Code     0  startup_s32k144.o(.text)
    DMA3_IRQHandler                          0x00000745   Thumb Code     0  startup_s32k144.o(.text)
    DMA4_IRQHandler                          0x00000745   Thumb Code     0  startup_s32k144.o(.text)
    DMA5_IRQHandler                          0x00000745   Thumb Code     0  startup_s32k144.o(.text)
    DMA6_IRQHandler                          0x00000745   Thumb Code     0  startup_s32k144.o(.text)
    DMA7_IRQHandler                          0x00000745   Thumb Code     0  startup_s32k144.o(.text)
    DMA8_IRQHandler                          0x00000745   Thumb Code     0  startup_s32k144.o(.text)
    DMA9_IRQHandler                          0x00000745   Thumb Code     0  startup_s32k144.o(.text)
    DMA_Error_IRQHandler                     0x00000745   Thumb Code     0  startup_s32k144.o(.text)
    ERM_double_fault_IRQHandler              0x00000745   Thumb Code     0  startup_s32k144.o(.text)
    ERM_single_fault_IRQHandler              0x00000745   Thumb Code     0  startup_s32k144.o(.text)
    FLEXIO_IRQHandler                        0x00000745   Thumb Code     0  startup_s32k144.o(.text)
    FTFC_Fault_IRQHandler                    0x00000745   Thumb Code     0  startup_s32k144.o(.text)
    FTFC_IRQHandler                          0x00000745   Thumb Code     0  startup_s32k144.o(.text)
    FTM0_Ch0_Ch1_IRQHandler                  0x00000745   Thumb Code     0  startup_s32k144.o(.text)
    FTM0_Ch2_Ch3_IRQHandler                  0x00000745   Thumb Code     0  startup_s32k144.o(.text)
    FTM0_Ch4_Ch5_IRQHandler                  0x00000745   Thumb Code     0  startup_s32k144.o(.text)
    FTM0_Ch6_Ch7_IRQHandler                  0x00000745   Thumb Code     0  startup_s32k144.o(.text)
    FTM0_Fault_IRQHandler                    0x00000745   Thumb Code     0  startup_s32k144.o(.text)
    FTM0_Ovf_Reload_IRQHandler               0x00000745   Thumb Code     0  startup_s32k144.o(.text)
    FTM1_Ch0_Ch1_IRQHandler                  0x00000745   Thumb Code     0  startup_s32k144.o(.text)
    FTM1_Ch2_Ch3_IRQHandler                  0x00000745   Thumb Code     0  startup_s32k144.o(.text)
    FTM1_Ch4_Ch5_IRQHandler                  0x00000745   Thumb Code     0  startup_s32k144.o(.text)
    FTM1_Ch6_Ch7_IRQHandler                  0x00000745   Thumb Code     0  startup_s32k144.o(.text)
    FTM1_Fault_IRQHandler                    0x00000745   Thumb Code     0  startup_s32k144.o(.text)
    FTM1_Ovf_Reload_IRQHandler               0x00000745   Thumb Code     0  startup_s32k144.o(.text)
    FTM2_Ch0_Ch1_IRQHandler                  0x00000745   Thumb Code     0  startup_s32k144.o(.text)
    FTM2_Ch2_Ch3_IRQHandler                  0x00000745   Thumb Code     0  startup_s32k144.o(.text)
    FTM2_Ch4_Ch5_IRQHandler                  0x00000745   Thumb Code     0  startup_s32k144.o(.text)
    FTM2_Ch6_Ch7_IRQHandler                  0x00000745   Thumb Code     0  startup_s32k144.o(.text)
    FTM2_Fault_IRQHandler                    0x00000745   Thumb Code     0  startup_s32k144.o(.text)
    FTM2_Ovf_Reload_IRQHandler               0x00000745   Thumb Code     0  startup_s32k144.o(.text)
    FTM3_Ch0_Ch1_IRQHandler                  0x00000745   Thumb Code     0  startup_s32k144.o(.text)
    FTM3_Ch2_Ch3_IRQHandler                  0x00000745   Thumb Code     0  startup_s32k144.o(.text)
    FTM3_Ch4_Ch5_IRQHandler                  0x00000745   Thumb Code     0  startup_s32k144.o(.text)
    FTM3_Ch6_Ch7_IRQHandler                  0x00000745   Thumb Code     0  startup_s32k144.o(.text)
    FTM3_Fault_IRQHandler                    0x00000745   Thumb Code     0  startup_s32k144.o(.text)
    FTM3_Ovf_Reload_IRQHandler               0x00000745   Thumb Code     0  startup_s32k144.o(.text)
    LPI2C0_Master_IRQHandler                 0x00000745   Thumb Code     0  startup_s32k144.o(.text)
    LPI2C0_Slave_IRQHandler                  0x00000745   Thumb Code     0  startup_s32k144.o(.text)
    LPIT0_Ch1_IRQHandler                     0x00000745   Thumb Code     0  startup_s32k144.o(.text)
    LPIT0_Ch2_IRQHandler                     0x00000745   Thumb Code     0  startup_s32k144.o(.text)
    LPIT0_Ch3_IRQHandler                     0x00000745   Thumb Code     0  startup_s32k144.o(.text)
    LPSPI0_IRQHandler                        0x00000745   Thumb Code     0  startup_s32k144.o(.text)
    LPSPI1_IRQHandler                        0x00000745   Thumb Code     0  startup_s32k144.o(.text)
    LPSPI2_IRQHandler                        0x00000745   Thumb Code     0  startup_s32k144.o(.text)
    LPTMR0_IRQHandler                        0x00000745   Thumb Code     0  startup_s32k144.o(.text)
    LPUART0_RxTx_IRQHandler                  0x00000745   Thumb Code     0  startup_s32k144.o(.text)
    LPUART2_RxTx_IRQHandler                  0x00000745   Thumb Code     0  startup_s32k144.o(.text)
    LVD_LVW_IRQHandler                       0x00000745   Thumb Code     0  startup_s32k144.o(.text)
    MCM_IRQHandler                           0x00000745   Thumb Code     0  startup_s32k144.o(.text)
    PDB0_IRQHandler                          0x00000745   Thumb Code     0  startup_s32k144.o(.text)
    PDB1_IRQHandler                          0x00000745   Thumb Code     0  startup_s32k144.o(.text)
    PORTA_IRQHandler                         0x00000745   Thumb Code     0  startup_s32k144.o(.text)
    PORTB_IRQHandler                         0x00000745   Thumb Code     0  startup_s32k144.o(.text)
    PORTD_IRQHandler                         0x00000745   Thumb Code     0  startup_s32k144.o(.text)
    PORTE_IRQHandler                         0x00000745   Thumb Code     0  startup_s32k144.o(.text)
    RCM_IRQHandler                           0x00000745   Thumb Code     0  startup_s32k144.o(.text)
    RTC_IRQHandler                           0x00000745   Thumb Code     0  startup_s32k144.o(.text)
    RTC_Seconds_IRQHandler                   0x00000745   Thumb Code     0  startup_s32k144.o(.text)
    Read_Collision_IRQHandler                0x00000745   Thumb Code     0  startup_s32k144.o(.text)
    Reserved100_IRQHandler                   0x00000745   Thumb Code     0  startup_s32k144.o(.text)
    Reserved103_IRQHandler                   0x00000745   Thumb Code     0  startup_s32k144.o(.text)
    Reserved105_IRQHandler                   0x00000745   Thumb Code     0  startup_s32k144.o(.text)
    Reserved106_IRQHandler                   0x00000745   Thumb Code     0  startup_s32k144.o(.text)
    Reserved107_IRQHandler                   0x00000745   Thumb Code     0  startup_s32k144.o(.text)
    Reserved110_IRQHandler                   0x00000745   Thumb Code     0  startup_s32k144.o(.text)
    Reserved112_IRQHandler                   0x00000745   Thumb Code     0  startup_s32k144.o(.text)
    Reserved113_IRQHandler                   0x00000745   Thumb Code     0  startup_s32k144.o(.text)
    Reserved114_IRQHandler                   0x00000745   Thumb Code     0  startup_s32k144.o(.text)
    Reserved45_IRQHandler                    0x00000745   Thumb Code     0  startup_s32k144.o(.text)
    Reserved46_IRQHandler                    0x00000745   Thumb Code     0  startup_s32k144.o(.text)
    Reserved48_IRQHandler                    0x00000745   Thumb Code     0  startup_s32k144.o(.text)
    Reserved50_IRQHandler                    0x00000745   Thumb Code     0  startup_s32k144.o(.text)
    Reserved52_IRQHandler                    0x00000745   Thumb Code     0  startup_s32k144.o(.text)
    Reserved53_IRQHandler                    0x00000745   Thumb Code     0  startup_s32k144.o(.text)
    Reserved54_IRQHandler                    0x00000745   Thumb Code     0  startup_s32k144.o(.text)
    Reserved58_IRQHandler                    0x00000745   Thumb Code     0  startup_s32k144.o(.text)
    Reserved59_IRQHandler                    0x00000745   Thumb Code     0  startup_s32k144.o(.text)
    Reserved69_IRQHandler                    0x00000745   Thumb Code     0  startup_s32k144.o(.text)
    Reserved70_IRQHandler                    0x00000745   Thumb Code     0  startup_s32k144.o(.text)
    Reserved71_IRQHandler                    0x00000745   Thumb Code     0  startup_s32k144.o(.text)
    Reserved72_IRQHandler                    0x00000745   Thumb Code     0  startup_s32k144.o(.text)
    Reserved81_IRQHandler                    0x00000745   Thumb Code     0  startup_s32k144.o(.text)
    Reserved82_IRQHandler                    0x00000745   Thumb Code     0  startup_s32k144.o(.text)
    Reserved83_IRQHandler                    0x00000745   Thumb Code     0  startup_s32k144.o(.text)
    Reserved86_IRQHandler                    0x00000745   Thumb Code     0  startup_s32k144.o(.text)
    Reserved87_IRQHandler                    0x00000745   Thumb Code     0  startup_s32k144.o(.text)
    Reserved88_IRQHandler                    0x00000745   Thumb Code     0  startup_s32k144.o(.text)
    Reserved89_IRQHandler                    0x00000745   Thumb Code     0  startup_s32k144.o(.text)
    Reserved90_IRQHandler                    0x00000745   Thumb Code     0  startup_s32k144.o(.text)
    Reserved91_IRQHandler                    0x00000745   Thumb Code     0  startup_s32k144.o(.text)
    Reserved92_IRQHandler                    0x00000745   Thumb Code     0  startup_s32k144.o(.text)
    Reserved93_IRQHandler                    0x00000745   Thumb Code     0  startup_s32k144.o(.text)
    Reserved99_IRQHandler                    0x00000745   Thumb Code     0  startup_s32k144.o(.text)
    SCG_IRQHandler                           0x00000745   Thumb Code     0  startup_s32k144.o(.text)
    SWI_IRQHandler                           0x00000745   Thumb Code     0  startup_s32k144.o(.text)
    WDOG_EWM_IRQHandler                      0x00000745   Thumb Code     0  startup_s32k144.o(.text)
    exit                                     0x0000075d   Thumb Code    18  exit.o(.text)
    __I$use$semihosting                      0x0000076f   Thumb Code     0  use_no_semi.o(.text)
    __use_no_semihosting_swi                 0x0000076f   Thumb Code     2  use_no_semi.o(.text)
    __semihosting_library_function           0x00000771   Thumb Code     0  indicate_semi.o(.text)
    _sys_exit                                0x00000771   Thumb Code     8  sys_exit.o(.text)
    ADC_Init                                 0x0000077d   Thumb Code   104  adc.o(.text.ADC_Init)
    CheckRxBuffer                            0x000007e5   Thumb Code   248  mock_project.o(.text.CheckRxBuffer)
    Convert_ADC_Channel                      0x000008dd   Thumb Code    32  adc.o(.text.Convert_ADC_Channel)
    Convert_To_Date_Format                   0x000008fd   Thumb Code   178  mock_project.o(.text.Convert_To_Date_Format)
    Convert_To_Time_Format                   0x000009b1   Thumb Code   146  mock_project.o(.text.Convert_To_Time_Format)
    Gpio_Init                                0x00000a45   Thumb Code    46  configgpio.o(.text.Gpio_Init)
    Gpio_SetMode                             0x00000a75   Thumb Code   136  configgpio.o(.text.Gpio_SetMode)
    Gpio_SetMux                              0x00000afd   Thumb Code    64  configgpio.o(.text.Gpio_SetMux)
    LPIT0_Ch0_IRQHandler                     0x00000b3d   Thumb Code    28  mock_project.o(.text.LPIT0_Ch0_IRQHandler)
    LPIT_Init                                0x00000b59   Thumb Code   100  lpit.o(.text.LPIT_Init)
    LPIT_Init_Interrupt                      0x00000bbd   Thumb Code    26  lpit.o(.text.LPIT_Init_Interrupt)
    LPSPI_Init                               0x00000bd9   Thumb Code   144  spi_max7219.o(.text.LPSPI_Init)
    LPUART1_RxTx_IRQHandler                  0x00000c69   Thumb Code    60  mock_project.o(.text.LPUART1_RxTx_IRQHandler)
    LPUART1_init                             0x00000ca5   Thumb Code    92  uart1.o(.text.LPUART1_init)
    LPUART1_transmit_char                    0x00000d01   Thumb Code    52  uart1.o(.text.LPUART1_transmit_char)
    LPUART1_transmit_string                  0x00000d35   Thumb Code    44  uart1.o(.text.LPUART1_transmit_string)
    MAX7219_Display_Date                     0x00000d61   Thumb Code   272  spi_max7219.o(.text.MAX7219_Display_Date)
    MAX7219_Display_Temperature              0x00000e71   Thumb Code   124  spi_max7219.o(.text.MAX7219_Display_Temperature)
    MAX7219_Display_Time                     0x00000eed   Thumb Code   192  spi_max7219.o(.text.MAX7219_Display_Time)
    MAX7219_Init                             0x00000fad   Thumb Code    36  spi_max7219.o(.text.MAX7219_Init)
    PORTC_IRQHandler                         0x00000fd1   Thumb Code   170  mock_project.o(.text.PORTC_IRQHandler)
    Process_Polling_Buffer                   0x0000107d   Thumb Code   244  mock_project.o(.text.Process_Polling_Buffer)
    Read_ADC_Result                          0x00001171   Thumb Code    50  adc.o(.text.Read_ADC_Result)
    SPI_SendData                             0x000011a5   Thumb Code    64  spi_max7219.o(.text.SPI_SendData)
    SysTick_Handler                          0x000011e5   Thumb Code    16  systick.o(.text.SysTick_Handler)
    SysTick_Init                             0x000011f5   Thumb Code    86  systick.o(.text.SysTick_Init)
    SystemInit                               0x0000124d   Thumb Code    82  system_s32k144.o(.text.SystemInit)
    UART1_EnableInterrupts                   0x000012a1   Thumb Code    18  uart1.o(.text.UART1_EnableInterrupts)
    dateTime                                 0x000012b5   Thumb Code   264  mock_project.o(.text.dateTime)
    getDaysInMonth                           0x000013bd   Thumb Code   144  lpit.o(.text.getDaysInMonth)
    init_data_bss                            0x0000144d   Thumb Code   160  startup.o(.text.init_data_bss)
    isLeapYear                               0x000014ed   Thumb Code   122  lpit.o(.text.isLeapYear)
    main                                     0x00001569   Thumb Code   592  main.o(.text.main)
    setClearBit                              0x000017b9   Thumb Code    76  configgpio.o(.text.setClearBit)
    setClearBits                             0x00001805   Thumb Code    72  configgpio.o(.text.setClearBits)
    toUint                                   0x0000184d   Thumb Code   156  mock_project.o(.text.toUint)
    __aeabi_dadd                             0x000018e9   Thumb Code     0  daddsub_clz.o(x$fpl$dadd)
    _dadd                                    0x000018e9   Thumb Code   332  daddsub_clz.o(x$fpl$dadd)
    __aeabi_ddiv                             0x00001a39   Thumb Code     0  ddiv.o(x$fpl$ddiv)
    _ddiv                                    0x00001a39   Thumb Code   556  ddiv.o(x$fpl$ddiv)
    __aeabi_d2uiz                            0x00001ced   Thumb Code     0  dfixu.o(x$fpl$dfixu)
    _dfixu                                   0x00001ced   Thumb Code    90  dfixu.o(x$fpl$dfixu)
    __aeabi_ui2d                             0x00001d47   Thumb Code     0  dflt_clz.o(x$fpl$dfltu)
    _dfltu                                   0x00001d47   Thumb Code    38  dflt_clz.o(x$fpl$dfltu)
    __fpl_dnaninf                            0x00001d6d   Thumb Code   156  dnaninf.o(x$fpl$dnaninf)
    __fpl_dretinf                            0x00001e09   Thumb Code    12  dretinf.o(x$fpl$dretinf)
    __aeabi_dsub                             0x00001e15   Thumb Code     0  daddsub_clz.o(x$fpl$dsub)
    _dsub                                    0x00001e15   Thumb Code   472  daddsub_clz.o(x$fpl$dsub)
    _fp_init                                 0x00001ff1   Thumb Code    26  fpinit.o(x$fpl$fpinit)
    __fplib_config_fpu_vfp                   0x00002009   Thumb Code     0  fpinit.o(x$fpl$fpinit)
    __fplib_config_pureend_doubles           0x00002009   Thumb Code     0  fpinit.o(x$fpl$fpinit)
    __I$use$fp                               0x0000200a   Number         0  usenofp.o(x$fpl$usenofp)
    Region$$Table$$Base                      0x0000200c   Number         0  anon$$obj.o(Region$$Table)
    Image$$ER_m_text$$Limit                  0x0000202c   Number         0  anon$$obj.o ABSOLUTE
    Region$$Table$$Limit                     0x0000202c   Number         0  anon$$obj.o(Region$$Table)
    Image$$VECTOR_RAM$$Base                  0x1fff8000   Number         0  anon$$obj.o ABSOLUTE
    Image$$RW_m_data$$Base                   0x1fff8400   Number         0  anon$$obj.o ABSOLUTE
    g_Day                                    0x1fff8400   Data           4  mock_project.o(.data.g_Day)
    g_Hour                                   0x1fff8404   Data           4  mock_project.o(.data.g_Hour)
    g_Minute                                 0x1fff8408   Data           4  mock_project.o(.data.g_Minute)
    g_Mouth                                  0x1fff840c   Data           4  mock_project.o(.data.g_Mouth)
    g_Second                                 0x1fff8410   Data           4  mock_project.o(.data.g_Second)
    g_Year                                   0x1fff8414   Data           4  mock_project.o(.data.g_Year)
    Image$$RW_m_code$$Base                   0x1fff8418   Number         0  anon$$obj.o ABSOLUTE
    Image$$RW_m_code$$Limit                  0x1fff8418   Number         0  anon$$obj.o ABSOLUTE
    Image$$RW_m_data$$Limit                  0x1fff8418   Number         0  anon$$obj.o ABSOLUTE
    Image$$RW_m_custom_section$$Base         0x20000000   Number         0  anon$$obj.o ABSOLUTE
    Image$$RW_m_custom_section$$Limit        0x20000000   Number         0  anon$$obj.o ABSOLUTE
    Image$$RW_m_data_2$$ZI$$Base             0x20000000   Number         0  anon$$obj.o ABSOLUTE
    Interrupt_Buffer                         0x20000000   Data          11  mock_project.o(.bss.Interrupt_Buffer)
    Polling_Buffer                           0x2000000b   Data          11  mock_project.o(.bss.Polling_Buffer)
    Rx_Byte_read                             0x20000016   Data           1  mock_project.o(.bss.Rx_Byte_read)
    g_CountChar                              0x20000018   Data           4  mock_project.o(.bss.g_CountChar)
    g_CountSecond                            0x2000001c   Data           4  mock_project.o(.bss.g_CountSecond)
    g_CountStick                             0x20000020   Data           4  systick.o(.bss.g_CountStick)
    g_EnaDisplay7Seg                         0x20000024   Data           4  mock_project.o(.bss.g_EnaDisplay7Seg)
    g_Mode                                   0x20000028   Data           4  mock_project.o(.bss.g_Mode)
    index_In                                 0x2000002c   Data           1  mock_project.o(.bss.index_In)
    index_Out                                0x2000002d   Data           1  mock_project.o(.bss.index_Out)
    index_cmdBuff                            0x2000002e   Data           1  mock_project.o(.bss.index_cmdBuff)
    sum                                      0x20000030   Data           4  mock_project.o(.bss.sum)
    Image$$ARM_LIB_HEAP$$ZI$$Base            0x20000034   Number         0  anon$$obj.o ABSOLUTE
    Image$$RW_m_data_2$$ZI$$Limit            0x20000034   Number         0  anon$$obj.o ABSOLUTE
    Image$$ARM_LIB_HEAP$$ZI$$Limit           0x20000434   Number         0  anon$$obj.o ABSOLUTE
    Image$$ARM_LIB_STACK$$Limit              0x20006c00   Number         0  anon$$obj.o ABSOLUTE
    Image$$ARM_LIB_STACK$$ZI$$Limit          0x20007000   Number         0  anon$$obj.o ABSOLUTE



==============================================================================

Memory Map of the image

  Image Entry point : 0x00000621

  Load Region LR_m_text (Base: 0x00000000, Size: 0x00002044, Max: 0x00080000, ABSOLUTE)

    Execution Region VECTOR_ROM (Exec base: 0x00000000, Load base: 0x00000000, Size: 0x00000230, Max: 0x00000400, ABSOLUTE)

    Exec Addr    Load Addr    Size         Type   Attr      Idx    E Section Name        Object

    0x00000000   0x00000000   0x00000230   Data   RO          188    RESET               startup_s32k144.o


    Execution Region ER_m_flash_config (Exec base: 0x00000400, Load base: 0x00000400, Size: 0x00000010, Max: 0x00000010, ABSOLUTE, FIXED)

    Exec Addr    Load Addr    Size         Type   Attr      Idx    E Section Name        Object

    0x00000400   0x00000400   0x00000010   Data   RO          189    FlashConfig         startup_s32k144.o


    Execution Region ER_m_text_const (Exec base: 0x00000410, Load base: 0x00000410, Size: 0x00000210, Max: 0xffffffff, ABSOLUTE)

    Exec Addr    Load Addr    Size         Type   Attr      Idx    E Section Name        Object

    0x00000410   0x00000410   0x00000014   Data   RO           35    .rodata.GPIO_BASE   configgpio.o
    0x00000424   0x00000424   0x00000014   Data   RO           33    .rodata.PCC_PORT    configgpio.o
    0x00000438   0x00000438   0x00000014   Data   RO           34    .rodata.PORT_BASE   configgpio.o
    0x0000044c   0x0000044c   0x00000080   Data   RO           36    .rodata.PORT_PCR    configgpio.o
    0x000004cc   0x000004cc   0x0000000a   Data   RO           75    .rodata.digitSegmentCodes  spi_max7219.o
    0x000004d6   0x000004d6   0x00000002   PAD
    0x000004d8   0x000004d8   0x00000004   Data   RO          181    .rodata.s_vectors   startup.o
    0x000004dc   0x000004dc   0x000000cd   Data   RO            7    .rodata.str1.1      main.o
    0x000005a9   0x000005a9   0x00000076   Data   RO          168    .rodata.str1.1      mock_project.o


    Execution Region ER_m_text (Exec base: 0x00000620, Load base: 0x00000620, Size: 0x00001a0c, Max: 0x0007fbf0, ABSOLUTE)

    Exec Addr    Load Addr    Size         Type   Attr      Idx    E Section Name        Object

    0x00000620   0x00000620   0x00000008   Code   RO          212  * !!!main             c_w.l(__main.o)
    0x00000628   0x00000628   0x00000034   Code   RO          415    !!!scatter          c_w.l(__scatter.o)
    0x0000065c   0x0000065c   0x0000001a   Code   RO          417    !!handler_copy      c_w.l(__scatter_copy.o)
    0x00000676   0x00000676   0x00000002   PAD
    0x00000678   0x00000678   0x0000001c   Code   RO          419    !!handler_zi        c_w.l(__scatter_zi.o)
    0x00000694   0x00000694   0x00000002   Code   RO          269    .ARM.Collect$$libinit$$00000000  c_w.l(libinit.o)
    0x00000696   0x00000696   0x00000004   Code   RO          279    .ARM.Collect$$libinit$$00000001  c_w.l(libinit2.o)
    0x0000069a   0x0000069a   0x00000000   Code   RO          282    .ARM.Collect$$libinit$$00000004  c_w.l(libinit2.o)
    0x0000069a   0x0000069a   0x00000000   Code   RO          284    .ARM.Collect$$libinit$$00000006  c_w.l(libinit2.o)
    0x0000069a   0x0000069a   0x00000000   Code   RO          287    .ARM.Collect$$libinit$$0000000C  c_w.l(libinit2.o)
    0x0000069a   0x0000069a   0x00000000   Code   RO          289    .ARM.Collect$$libinit$$0000000E  c_w.l(libinit2.o)
    0x0000069a   0x0000069a   0x00000000   Code   RO          291    .ARM.Collect$$libinit$$00000010  c_w.l(libinit2.o)
    0x0000069a   0x0000069a   0x00000000   Code   RO          294    .ARM.Collect$$libinit$$00000013  c_w.l(libinit2.o)
    0x0000069a   0x0000069a   0x00000000   Code   RO          296    .ARM.Collect$$libinit$$00000015  c_w.l(libinit2.o)
    0x0000069a   0x0000069a   0x00000000   Code   RO          298    .ARM.Collect$$libinit$$00000017  c_w.l(libinit2.o)
    0x0000069a   0x0000069a   0x00000000   Code   RO          300    .ARM.Collect$$libinit$$00000019  c_w.l(libinit2.o)
    0x0000069a   0x0000069a   0x00000000   Code   RO          302    .ARM.Collect$$libinit$$0000001B  c_w.l(libinit2.o)
    0x0000069a   0x0000069a   0x00000000   Code   RO          304    .ARM.Collect$$libinit$$0000001D  c_w.l(libinit2.o)
    0x0000069a   0x0000069a   0x00000000   Code   RO          306    .ARM.Collect$$libinit$$0000001F  c_w.l(libinit2.o)
    0x0000069a   0x0000069a   0x00000000   Code   RO          308    .ARM.Collect$$libinit$$00000021  c_w.l(libinit2.o)
    0x0000069a   0x0000069a   0x00000000   Code   RO          310    .ARM.Collect$$libinit$$00000023  c_w.l(libinit2.o)
    0x0000069a   0x0000069a   0x00000000   Code   RO          312    .ARM.Collect$$libinit$$00000025  c_w.l(libinit2.o)
    0x0000069a   0x0000069a   0x00000000   Code   RO          314    .ARM.Collect$$libinit$$00000027  c_w.l(libinit2.o)
    0x0000069a   0x0000069a   0x00000000   Code   RO          318    .ARM.Collect$$libinit$$0000002E  c_w.l(libinit2.o)
    0x0000069a   0x0000069a   0x00000000   Code   RO          320    .ARM.Collect$$libinit$$00000030  c_w.l(libinit2.o)
    0x0000069a   0x0000069a   0x00000000   Code   RO          322    .ARM.Collect$$libinit$$00000032  c_w.l(libinit2.o)
    0x0000069a   0x0000069a   0x00000000   Code   RO          324    .ARM.Collect$$libinit$$00000034  c_w.l(libinit2.o)
    0x0000069a   0x0000069a   0x00000002   Code   RO          325    .ARM.Collect$$libinit$$00000035  c_w.l(libinit2.o)
    0x0000069c   0x0000069c   0x00000002   Code   RO          354    .ARM.Collect$$libshutdown$$00000000  c_w.l(libshutdown.o)
    0x0000069e   0x0000069e   0x00000000   Code   RO          366    .ARM.Collect$$libshutdown$$00000002  c_w.l(libshutdown2.o)
    0x0000069e   0x0000069e   0x00000000   Code   RO          368    .ARM.Collect$$libshutdown$$00000004  c_w.l(libshutdown2.o)
    0x0000069e   0x0000069e   0x00000000   Code   RO          371    .ARM.Collect$$libshutdown$$00000007  c_w.l(libshutdown2.o)
    0x0000069e   0x0000069e   0x00000000   Code   RO          374    .ARM.Collect$$libshutdown$$0000000A  c_w.l(libshutdown2.o)
    0x0000069e   0x0000069e   0x00000000   Code   RO          376    .ARM.Collect$$libshutdown$$0000000C  c_w.l(libshutdown2.o)
    0x0000069e   0x0000069e   0x00000000   Code   RO          379    .ARM.Collect$$libshutdown$$0000000F  c_w.l(libshutdown2.o)
    0x0000069e   0x0000069e   0x00000002   Code   RO          380    .ARM.Collect$$libshutdown$$00000010  c_w.l(libshutdown2.o)
    0x000006a0   0x000006a0   0x00000000   Code   RO          234    .ARM.Collect$$rtentry$$00000000  c_w.l(__rtentry.o)
    0x000006a0   0x000006a0   0x00000000   Code   RO          241    .ARM.Collect$$rtentry$$00000002  c_w.l(__rtentry2.o)
    0x000006a0   0x000006a0   0x00000004   Code   RO          255    .ARM.Collect$$rtentry$$00000007  c_w.l(__rtentry7.o)
    0x000006a4   0x000006a4   0x00000000   Code   RO          243    .ARM.Collect$$rtentry$$00000009  c_w.l(__rtentry2.o)
    0x000006a4   0x000006a4   0x00000004   Code   RO          244    .ARM.Collect$$rtentry$$0000000A  c_w.l(__rtentry2.o)
    0x000006a8   0x000006a8   0x00000000   Code   RO          246    .ARM.Collect$$rtentry$$0000000C  c_w.l(__rtentry2.o)
    0x000006a8   0x000006a8   0x00000008   Code   RO          247    .ARM.Collect$$rtentry$$0000000D  c_w.l(__rtentry2.o)
    0x000006b0   0x000006b0   0x00000004   Code   RO          256    .ARM.Collect$$rtentry$$00002718  c_w.l(__rtentry7.o)
    0x000006b4   0x000006b4   0x00000002   Code   RO          277    .ARM.Collect$$rtexit$$00000000  c_w.l(rtexit.o)
    0x000006b6   0x000006b6   0x00000000   Code   RO          334    .ARM.Collect$$rtexit$$00000002  c_w.l(rtexit2.o)
    0x000006b6   0x000006b6   0x00000004   Code   RO          335    .ARM.Collect$$rtexit$$00000003  c_w.l(rtexit2.o)
    0x000006ba   0x000006ba   0x00000006   Code   RO          336    .ARM.Collect$$rtexit$$00000004  c_w.l(rtexit2.o)
    0x000006c0   0x000006c0   0x0000009c   Code   RO          187    .text               startup_s32k144.o
    0x0000075c   0x0000075c   0x00000012   Code   RO          262    .text               c_w.l(exit.o)
    0x0000076e   0x0000076e   0x00000002   Code   RO          330    .text               c_w.l(use_no_semi.o)
    0x00000770   0x00000770   0x00000000   Code   RO          332    .text               c_w.l(indicate_semi.o)
    0x00000770   0x00000770   0x0000000c   Code   RO          344    .text               c_w.l(sys_exit.o)
    0x0000077c   0x0000077c   0x00000068   Code   RO           44    .text.ADC_Init      adc.o
    0x000007e4   0x000007e4   0x000000f8   Code   RO          146    .text.CheckRxBuffer  mock_project.o
    0x000008dc   0x000008dc   0x00000020   Code   RO           48    .text.Convert_ADC_Channel  adc.o
    0x000008fc   0x000008fc   0x000000b2   Code   RO          140    .text.Convert_To_Date_Format  mock_project.o
    0x000009ae   0x000009ae   0x00000002   PAD
    0x000009b0   0x000009b0   0x00000092   Code   RO          138    .text.Convert_To_Time_Format  mock_project.o
    0x00000a42   0x00000a42   0x00000002   PAD
    0x00000a44   0x00000a44   0x0000002e   Code   RO           19    .text.Gpio_Init     configgpio.o
    0x00000a72   0x00000a72   0x00000002   PAD
    0x00000a74   0x00000a74   0x00000088   Code   RO           23    .text.Gpio_SetMode  configgpio.o
    0x00000afc   0x00000afc   0x00000040   Code   RO           21    .text.Gpio_SetMux   configgpio.o
    0x00000b3c   0x00000b3c   0x0000001c   Code   RO          150    .text.LPIT0_Ch0_IRQHandler  mock_project.o
    0x00000b58   0x00000b58   0x00000064   Code   RO          102    .text.LPIT_Init     lpit.o
    0x00000bbc   0x00000bbc   0x0000001a   Code   RO          104    .text.LPIT_Init_Interrupt  lpit.o
    0x00000bd6   0x00000bd6   0x00000002   PAD
    0x00000bd8   0x00000bd8   0x00000090   Code   RO           59    .text.LPSPI_Init    spi_max7219.o
    0x00000c68   0x00000c68   0x0000003c   Code   RO          152    .text.LPUART1_RxTx_IRQHandler  mock_project.o
    0x00000ca4   0x00000ca4   0x0000005c   Code   RO          113    .text.LPUART1_init  uart1.o
    0x00000d00   0x00000d00   0x00000034   Code   RO          115    .text.LPUART1_transmit_char  uart1.o
    0x00000d34   0x00000d34   0x0000002c   Code   RO          117    .text.LPUART1_transmit_string  uart1.o
    0x00000d60   0x00000d60   0x00000110   Code   RO           71    .text.MAX7219_Display_Date  spi_max7219.o
    0x00000e70   0x00000e70   0x0000007c   Code   RO           73    .text.MAX7219_Display_Temperature  spi_max7219.o
    0x00000eec   0x00000eec   0x000000c0   Code   RO           69    .text.MAX7219_Display_Time  spi_max7219.o
    0x00000fac   0x00000fac   0x00000024   Code   RO           65    .text.MAX7219_Init  spi_max7219.o
    0x00000fd0   0x00000fd0   0x000000aa   Code   RO          148    .text.PORTC_IRQHandler  mock_project.o
    0x0000107a   0x0000107a   0x00000002   PAD
    0x0000107c   0x0000107c   0x000000f4   Code   RO          144    .text.Process_Polling_Buffer  mock_project.o
    0x00001170   0x00001170   0x00000032   Code   RO           50    .text.Read_ADC_Result  adc.o
    0x000011a2   0x000011a2   0x00000002   PAD
    0x000011a4   0x000011a4   0x00000040   Code   RO           63    .text.SPI_SendData  spi_max7219.o
    0x000011e4   0x000011e4   0x00000010   Code   RO           86    .text.SysTick_Handler  systick.o
    0x000011f4   0x000011f4   0x00000056   Code   RO           84    .text.SysTick_Init  systick.o
    0x0000124a   0x0000124a   0x00000002   PAD
    0x0000124c   0x0000124c   0x00000052   Code   RO          196    .text.SystemInit    system_s32k144.o
    0x0000129e   0x0000129e   0x00000002   PAD
    0x000012a0   0x000012a0   0x00000012   Code   RO          127    .text.UART1_EnableInterrupts  uart1.o
    0x000012b2   0x000012b2   0x00000002   PAD
    0x000012b4   0x000012b4   0x00000108   Code   RO          142    .text.dateTime      mock_project.o
    0x000013bc   0x000013bc   0x00000090   Code   RO          100    .text.getDaysInMonth  lpit.o
    0x0000144c   0x0000144c   0x000000a0   Code   RO          179    .text.init_data_bss  startup.o
    0x000014ec   0x000014ec   0x0000007a   Code   RO           98    .text.isLeapYear    lpit.o
    0x00001566   0x00001566   0x00000002   PAD
    0x00001568   0x00001568   0x00000250   Code   RO            5    .text.main          main.o
    0x000017b8   0x000017b8   0x0000004c   Code   RO           15    .text.setClearBit   configgpio.o
    0x00001804   0x00001804   0x00000048   Code   RO           17    .text.setClearBits  configgpio.o
    0x0000184c   0x0000184c   0x0000009c   Code   RO          136    .text.toUint        mock_project.o
    0x000018e8   0x000018e8   0x00000150   Code   RO          214    x$fpl$dadd          fz_wm.l(daddsub_clz.o)
    0x00001a38   0x00001a38   0x000002b4   Code   RO          221    x$fpl$ddiv          fz_wm.l(ddiv.o)
    0x00001cec   0x00001cec   0x0000005a   Code   RO          224    x$fpl$dfixu         fz_wm.l(dfixu.o)
    0x00001d46   0x00001d46   0x00000026   Code   RO          228    x$fpl$dfltu         fz_wm.l(dflt_clz.o)
    0x00001d6c   0x00001d6c   0x0000009c   Code   RO          235    x$fpl$dnaninf       fz_wm.l(dnaninf.o)
    0x00001e08   0x00001e08   0x0000000c   Code   RO          237    x$fpl$dretinf       fz_wm.l(dretinf.o)
    0x00001e14   0x00001e14   0x000001dc   Code   RO          216    x$fpl$dsub          fz_wm.l(daddsub_clz.o)
    0x00001ff0   0x00001ff0   0x0000001a   Code   RO          342    x$fpl$fpinit        fz_wm.l(fpinit.o)
    0x0000200a   0x0000200a   0x00000000   Code   RO          239    x$fpl$usenofp       fz_wm.l(usenofp.o)
    0x0000200a   0x0000200a   0x00000002   PAD
    0x0000200c   0x0000200c   0x00000020   Data   RO          414    Region$$Table       anon$$obj.o


    Execution Region VECTOR_RAM (Exec base: 0x1fff8000, Load base: 0x00000230, Size: 0x00000400, Max: 0x00000400, ABSOLUTE)

    Exec Addr    Load Addr    Size         Type   Attr      Idx    E Section Name        Object

    0x1fff8000        -       0x00000400   Zero   RW            1    VECTOR_RAM.bss      anon$$obj.o


    Execution Region RW_m_data (Exec base: 0x1fff8400, Load base: 0x0000202c, Size: 0x00000018, Max: 0xffffffff, ABSOLUTE)

    Exec Addr    Load Addr    Size         Type   Attr      Idx    E Section Name        Object

    0x1fff8400   0x0000202c   0x00000004   Data   RW          158    .data.g_Day         mock_project.o
    0x1fff8404   0x00002030   0x00000004   Data   RW          157    .data.g_Hour        mock_project.o
    0x1fff8408   0x00002034   0x00000004   Data   RW          156    .data.g_Minute      mock_project.o
    0x1fff840c   0x00002038   0x00000004   Data   RW          159    .data.g_Mouth       mock_project.o
    0x1fff8410   0x0000203c   0x00000004   Data   RW          155    .data.g_Second      mock_project.o
    0x1fff8414   0x00002040   0x00000004   Data   RW          160    .data.g_Year        mock_project.o


    Execution Region RW_m_code (Exec base: 0x1fff8418, Load base: 0x00002044, Size: 0x00000000, Max: 0x00007c00, ABSOLUTE)

    **** No section assigned to this execution region ****


    Execution Region RW_m_custom_section (Exec base: 0x20000000, Load base: 0x00002044, Size: 0x00000000, Max: 0xffffffff, ABSOLUTE)

    **** No section assigned to this execution region ****


    Execution Region RW_m_data_2 (Exec base: 0x20000000, Load base: 0x00002044, Size: 0x00000034, Max: 0x00006800, ABSOLUTE)

    Exec Addr    Load Addr    Size         Type   Attr      Idx    E Section Name        Object

    0x20000000        -       0x0000000b   Zero   RW          169    .bss.Interrupt_Buffer  mock_project.o
    0x2000000b        -       0x0000000b   Zero   RW          171    .bss.Polling_Buffer  mock_project.o
    0x20000016        -       0x00000001   Zero   RW          170    .bss.Rx_Byte_read   mock_project.o
    0x20000017   0x00002044   0x00000001   PAD
    0x20000018        -       0x00000004   Zero   RW          161    .bss.g_CountChar    mock_project.o
    0x2000001c        -       0x00000004   Zero   RW          154    .bss.g_CountSecond  mock_project.o
    0x20000020        -       0x00000004   Zero   RW           90    .bss.g_CountStick   systick.o
    0x20000024        -       0x00000004   Zero   RW          163    .bss.g_EnaDisplay7Seg  mock_project.o
    0x20000028        -       0x00000004   Zero   RW          162    .bss.g_Mode         mock_project.o
    0x2000002c        -       0x00000001   Zero   RW          164    .bss.index_In       mock_project.o
    0x2000002d        -       0x00000001   Zero   RW          165    .bss.index_Out      mock_project.o
    0x2000002e        -       0x00000001   Zero   RW          166    .bss.index_cmdBuff  mock_project.o
    0x2000002f   0x00002044   0x00000001   PAD
    0x20000030        -       0x00000004   Zero   RW          167    .bss.sum            mock_project.o


    Execution Region ARM_LIB_HEAP (Exec base: 0x20000034, Load base: 0x00002044, Size: 0x00000400, Max: 0x00000400, ABSOLUTE)

    Exec Addr    Load Addr    Size         Type   Attr      Idx    E Section Name        Object

    0x20000034        -       0x00000400   Zero   RW            2    ARM_LIB_HEAP.bss    anon$$obj.o


    Execution Region ARM_LIB_STACK (Exec base: 0x20006c00, Load base: 0x00002044, Size: 0x00000400, Max: 0x00000400, ABSOLUTE)

    Exec Addr    Load Addr    Size         Type   Attr      Idx    E Section Name        Object

    0x20006c00        -       0x00000400   Zero   RW            3    ARM_LIB_STACK.bss   anon$$obj.o


==============================================================================

Image component sizes


      Code (inc. data)   RO Data    RW Data    ZI Data      Debug   Object Name

       186          0          0          0          0        855   adc.o
       394          0        188          0          0       2425   configgpio.o
       392          0          0          0          0        970   lpit.o
       592          8        205          0          0        950   main.o
      1494          0        118         24         46       3413   mock_project.o
       832          0         10          0          0       2628   spi_max7219.o
       160          0          4          0          0       1087   startup.o
       156        106        576          0          0        944   startup_s32k144.o
        82          0          0          0          0       2856   system_s32k144.o
       102          0          0          0          4        795   systick.o
       206          0          0          0          0       2095   uart1.o

    ----------------------------------------------------------------------
      4616        114       1136         24       3124      19018   Object Totals
         0          0         32          0       3072          0   (incl. Generated)
        20          0          3          0          2          0   (incl. Padding)

    ----------------------------------------------------------------------

      Code (inc. data)   RO Data    RW Data    ZI Data      Debug   Library Member Name

         8          0          0          0          0         68   __main.o
         0          0          0          0          0          0   __rtentry.o
        12          0          0          0          0          0   __rtentry2.o
         8          4          0          0          0          0   __rtentry7.o
        52          8          0          0          0          0   __scatter.o
        26          0          0          0          0          0   __scatter_copy.o
        28          0          0          0          0          0   __scatter_zi.o
        18          0          0          0          0         80   exit.o
         0          0          0          0          0          0   indicate_semi.o
         2          0          0          0          0          0   libinit.o
         6          0          0          0          0          0   libinit2.o
         2          0          0          0          0          0   libshutdown.o
         2          0          0          0          0          0   libshutdown2.o
         2          0          0          0          0          0   rtexit.o
        10          0          0          0          0          0   rtexit2.o
        12          4          0          0          0         68   sys_exit.o
         2          0          0          0          0         68   use_no_semi.o
       812         16          0          0          0        392   daddsub_clz.o
       692        140          0          0          0        264   ddiv.o
        90          4          0          0          0        140   dfixu.o
        38          0          0          0          0        116   dflt_clz.o
       156          4          0          0          0        140   dnaninf.o
        12          0          0          0          0        116   dretinf.o
        26          0          0          0          0        116   fpinit.o
         0          0          0          0          0          0   usenofp.o

    ----------------------------------------------------------------------
      2020        180          0          0          0       1568   Library Totals
         4          0          0          0          0          0   (incl. Padding)

    ----------------------------------------------------------------------

      Code (inc. data)   RO Data    RW Data    ZI Data      Debug   Library Name

       190         16          0          0          0        284   c_w.l
      1826        164          0          0          0       1284   fz_wm.l

    ----------------------------------------------------------------------
      2020        180          0          0          0       1568   Library Totals

    ----------------------------------------------------------------------

==============================================================================


      Code (inc. data)   RO Data    RW Data    ZI Data      Debug   

      6636        294       1136         24       3124      19706   Grand Totals
      6636        294       1136         24       3124      19706   ELF Image Totals
      6636        294       1136         24          0          0   ROM Totals

==============================================================================

    Total RO  Size (Code + RO Data)                 7772 (   7.59kB)
    Total RW  Size (RW Data + ZI Data)              3148 (   3.07kB)
    Total ROM Size (Code + RO Data + RW Data)       7796 (   7.61kB)

==============================================================================

